Archive member included to satisfy reference by file (symbol)

./lib\libc.a(lib_a-memcpy-stub.o)
                              pokemon.o (memcpy)
./lib\libc.a(lib_a-strcpy.o)  srv.o (strcpy)
./lib\libc.a(lib_a-strlen.o)  rt.o (strlen)

Memory Configuration

Name             Origin             Length             Attributes
*default*        0x00000000         0xffffffff

Linker script and memory map

                0x00100100                . = 0x100100
                0x00100100                . = ALIGN (0x4)

.text           0x00100100     0x344c
                0x00100100                __text_start = .
 bootloader.o(.text*)
 .text          0x00100100       0xa0 bootloader.o
                0x00100100                _Reset
                0x0010017c                _ReturnToUser
 *(.text*)
 .text          0x001001a0      0x2e4 AC.o
                0x001001a0                ACU_cmd1
                0x00100264                ACU_cmd26
                0x00100364                ACU_GetWifiStatus
                0x001003dc                ACU_WaitInternetConnection
 .text          0x00100484       0x7c entry.o
                0x00100484                c_entry
                0x001004e8                IRQHandler
 .text          0x00100500      0xa84 FS.o
                0x00100500                FSUSER_Initialize
                0x00100578                FSUSER_OpenFile
                0x001006ac                FSUSER_OpenFileDirectly
                0x0010081c                FSUSER_OpenArchive
                0x00100928                FSUSER_OpenDirectory
                0x00100a2c                FSUSER_CloseArchive
                0x00100ad4                FSFILE_Close
                0x00100b3c                FSFILE_Read
                0x00100c2c                FSFILE_Write
                0x00100d2c                FSFILE_GetSize
                0x00100db4                FSFILE_SetSize
                0x00100e4c                FSDIR_Read
                0x00100f1c                FSDIR_Close
 *fill*         0x00100f84        0x4 
 .text          0x00100f88       0xb8 helpers.o
                0x00100f88                getKey
                0x00100fbc                waitKeyUp
                0x00100ff8                waitKeyCombinationChanged
 .text          0x00101040      0x7b4 main.o
                0x00101040                isInBattle
                0x001010b8                drawPokemonID
                0x00101544                handleKey
                0x00101698                overlayCallback
                0x0010176c                main
 *fill*         0x001017f4        0xc 
 .text          0x00101800        0x8 misc.o
                0x00101800                sleep
 .text          0x00101808       0x98 OS.o
                0x00101808                OS_ConvertVaddr2Physaddr
 .text          0x001018a0      0x628 ov.o
                0x001018a0                ovDrawTranspartBlackRect
                0x00101b08                ovDrawPixel
                0x00101c20                ovDrawRect
                0x00101cdc                ovDrawChar
                0x00101e04                ovDrawString
 .text          0x00101ec8      0x184 pm.o
                0x00101ec8                dumpKernel
                0x00101ee0                getCurrentProcessId
                0x00101f0c                getCurrentProcessHandle
                0x00101fbc                protectRemoteMemory
                0x00102010                protectMemory
 .text          0x0010204c      0x4cc pokemon.o
                0x0010204c                lcrng
                0x00102084                unshuffle
                0x00102194                decryptPokemon
                0x001022c8                getIV
                0x00102318                asciiNick
                0x00102430                isValid
 .text          0x00102518      0x77c rt.o
                0x00102518                rtInitLock
                0x00102544                rtAcquireLock
                0x00102590                rtReleaseLock
                0x001025bc                rtAlignToPageSize
                0x001025ec                rtGetPageOfAddress
                0x00102618                rtCheckRemoteMemoryRegionSafeForWrite
                0x001026bc                rtSafeCopyMemory
                0x0010274c                rtGetFileSize
                0x00102894                rtLoadFileToBuffer
                0x00102a5c                rtGenerateJumpCode
                0x00102aa4                rtInitHook
                0x00102b78                rtFlushInstructionCache
                0x00102bb4                rtEnableHook
                0x00102c24                rtDisableHook
 .text          0x00102c94      0x154 sharedfunc.o
                0x00102c94                initSharedFunc
 .text          0x00102de8        0x0 SOC.o
 .text          0x00102de8      0x234 srv.o
                0x00102de8                initSrv
                0x00102e3c                exitSrv
                0x00102e74                srv_RegisterClient
                0x00102f0c                srv_getServiceHandle
 .text          0x0010301c       0x48 stub.o
                0x0010301c                showDbg
                0x00103024                nsDbgPrint
                0x0010302c                plgRegisterMenuEntry
                0x00103034                plgGetSharedServiceHandle
                0x0010303c                plgRequestMemory
                0x00103044                plgRegisterCallback
                0x0010304c                plgGetIoBase
                0x00103054                controlVideo
                0x0010305c                xsprintf
 *fill*         0x00103064        0xc 
 .text          0x00103070      0x29c svc.o
                0x00103070                getThreadCommandBuffer
                0x0010307c                svc_controlMemory
                0x0010309c                svc_exitProcess
                0x001030a4                svc_createThread
                0x001030c4                svc_exitThread
                0x001030cc                svc_sleepThread
                0x001030d4                svc_createMutex
                0x001030e8                svc_releaseMutex
                0x001030f0                svc_releaseSemaphore
                0x00103104                svc_createEvent
                0x00103118                svc_signalEvent
                0x00103120                svc_clearEvent
                0x00103128                svc_createMemoryBlock
                0x00103140                svc_mapMemoryBlock
                0x00103148                svc_unmapMemoryBlock
                0x00103150                svc_arbitrateAddress
                0x00103158                svc_closeHandle
                0x00103160                svc_waitSynchronization1
                0x00103168                svc_waitSynchronizationN
                0x00103188                svc_getSystemTick
                0x00103190                svc_getSystemInfo
                0x001031ac                svc_getProcessInfo
                0x001031c8                svc_connectToPort
                0x001031dc                svc_sendSyncRequest
                0x001031e4                svc_getProcessId
                0x001031f8                svc_getThreadId
                0x0010320c                svc_setThreadIdealProcessor
                0x00103214                svc_openThread
                0x00103228                svc_flushProcessDataCache
                0x00103230                svc_invalidateProcessDataCache
                0x00103238                svc_queryMemory
                0x00103240                svc_addCodeSegment
                0x00103248                svc_openProcess
                0x0010325c                svc_controlProcessMemory
                0x00103274                svc_mapProcessMemory
                0x0010327c                svc_startInterProcessDma
                0x0010329c                svc_getDmaState
                0x001032b0                svc_backDoor
                0x001032b8                svc_getProcessList
                0x001032cc                svc_getThreadList
                0x001032e0                svc_getThreadContext
                0x001032e8                svc_debugActiveProcess
                0x001032fc                svc_readProcessMemory
                0x00103304                svc_writeProcessMemory
 .text          0x0010330c       0xf0 ./lib\libc.a(lib_a-memcpy-stub.o)
                0x0010330c                memcpy
 .text          0x001033fc       0xf0 ./lib\libc.a(lib_a-strcpy.o)
                0x001033fc                strcpy
 .text          0x001034ec       0x60 ./lib\libc.a(lib_a-strlen.o)
                0x001034ec                strlen

.glue_7         0x0010354c        0x0
 .glue_7        0x0010354c        0x0 linker stubs

.glue_7t        0x0010354c        0x0
 .glue_7t       0x0010354c        0x0 linker stubs

.vfp11_veneer   0x0010354c        0x0
 .vfp11_veneer  0x0010354c        0x0 linker stubs

.v4_bx          0x0010354c        0x0
 .v4_bx         0x0010354c        0x0 linker stubs

.plt            0x0010354c        0x0
 .plt           0x0010354c        0x0 bootloader.o

.iplt           0x0010354c        0x0
 .iplt          0x0010354c        0x0 bootloader.o
                0x0010354c                . = ALIGN (0x4)

.data           0x0010354c     0x221c
 *(.data)
 .data          0x0010354c        0x0 bootloader.o
 .data          0x0010354c        0x0 AC.o
 .data          0x0010354c        0x0 entry.o
 .data          0x0010354c        0x0 FS.o
 .data          0x0010354c       0x50 helpers.o
 .data          0x0010359c     0x1e24 main.o
                0x00105398                sdmcArchive
                0x001053b0                IoBasePad
                0x001053b4                enabled
                0x001053b8                battleOff
                0x001053bc                inBattle
 .data          0x001053c0        0x0 misc.o
 .data          0x001053c0        0x0 OS.o
 .data          0x001053c0      0x2f8 ov.o
 .data          0x001056b8        0x0 pm.o
 .data          0x001056b8       0xb0 pokemon.o
                0x00105708                blockPosition
 .data          0x00105768        0x0 rt.o
 .data          0x00105768        0x0 sharedfunc.o
 .data          0x00105768        0x0 SOC.o
 .data          0x00105768        0x0 srv.o
 .data          0x00105768        0x0 stub.o
 .data          0x00105768        0x0 svc.o
 .data          0x00105768        0x0 ./lib\libc.a(lib_a-memcpy-stub.o)
 .data          0x00105768        0x0 ./lib\libc.a(lib_a-strcpy.o)
 .data          0x00105768        0x0 ./lib\libc.a(lib_a-strlen.o)

.dynamic        0x00105768       0x88
 .dynamic       0x00105768       0x88 bootloader.o
                0x00105768                _DYNAMIC

.got            0x001057f0        0x0
 .got           0x001057f0        0x0 bootloader.o

.got.plt        0x001057f0        0xc
 .got.plt       0x001057f0        0xc bootloader.o
                0x001057f0                _GLOBAL_OFFSET_TABLE_

.igot.plt       0x001057fc        0x0
 .igot.plt      0x001057fc        0x0 bootloader.o
                0x001057fc                . = ALIGN (0x4)
                0x001057fc                . = ALIGN (0x4)

.rel.dyn        0x001057fc     0x3e58
 *(.__rel_dyn_start)
 .__rel_dyn_start
                0x001057fc        0x0 bootloader.o
 *(.rel*)
 .rel.got       0x001057fc        0x0 bootloader.o
 .rel.plt       0x001057fc        0x0 bootloader.o
 .rel.iplt      0x001057fc        0x0 bootloader.o
 .rel.text      0x001057fc      0x1c0 bootloader.o
 .rel.data      0x001059bc     0x3c98 bootloader.o
 *(.rel.*)
 *(.__rel_dyn_end)
 .__rel_dyn_end
                0x00109654        0x0 bootloader.o
                0x00109654                __code_end = .

.interp         0x00109654       0x11
 .interp        0x00109654       0x11 bootloader.o

.gnu.version_d  0x00109668        0x0
 .gnu.version_d
                0x00109668        0x0 bootloader.o

.gnu.version    0x00109666        0x0
 .gnu.version   0x00109666        0x0 bootloader.o

.gnu.version_r  0x00109668        0x0
 .gnu.version_r
                0x00109668        0x0 bootloader.o

.dynsym         0x00109668       0x30
 .dynsym        0x00109668       0x30 bootloader.o

.dynstr         0x00109698        0x1
 .dynstr        0x00109698        0x1 bootloader.o

.hash           0x0010969c       0x18
 .hash          0x0010969c       0x18 bootloader.o

.rodata         0x001096b4     0x5785
 .rodata        0x001096b4        0x5 AC.o
 *fill*         0x001096b9        0x3 
 .rodata        0x001096bc       0x48 helpers.o
 .rodata        0x00109704     0x564c main.o
                0x0010ed24                POKE_SIZE
 .rodata        0x0010ed50       0x1e pm.o
 *fill*         0x0010ed6e        0x2 
 .rodata        0x0010ed70       0x48 pokemon.o
 .rodata        0x0010edb8       0x7a rt.o
 *fill*         0x0010ee32        0x2 
 .rodata        0x0010ee34        0x5 srv.o
                0x0010ee3c                . = ALIGN (0x4)

.bss            0x0010ee3c       0x1c
 *(.__bss_start)
 .__bss_start   0x0010ee3c        0x0 bootloader.o
                0x0010ee3c                __c_bss_start
 *(.bss COMMON)
 .bss           0x0010ee3c        0x0 bootloader.o
 .bss           0x0010ee3c        0x0 AC.o
 .bss           0x0010ee3c        0x0 entry.o
 .bss           0x0010ee3c        0x0 FS.o
 .bss           0x0010ee3c        0x0 helpers.o
 .bss           0x0010ee3c        0xd main.o
                0x0010ee3c                fsUserHandle
                0x0010ee40                lastPid
                0x0010ee44                displayMoves
                0x0010ee45                displayMovesChanged
                0x0010ee46                isNewNtr
                0x0010ee47                selectedOpponent
                0x0010ee48                buttonAck
 .bss           0x0010ee49        0x0 misc.o
 .bss           0x0010ee49        0x0 OS.o
 .bss           0x0010ee49        0x0 ov.o
 *fill*         0x0010ee49        0x3 
 .bss           0x0010ee4c        0x8 pm.o
                0x0010ee4c                hCurrentProcess
                0x0010ee50                currentPid
 .bss           0x0010ee54        0x0 pokemon.o
 .bss           0x0010ee54        0x0 rt.o
 .bss           0x0010ee54        0x0 sharedfunc.o
 .bss           0x0010ee54        0x0 SOC.o
 .bss           0x0010ee54        0x4 srv.o
                0x0010ee54                srvHandle
 .bss           0x0010ee58        0x0 stub.o
 .bss           0x0010ee58        0x0 svc.o
 .bss           0x0010ee58        0x0 ./lib\libc.a(lib_a-memcpy-stub.o)
 .bss           0x0010ee58        0x0 ./lib\libc.a(lib_a-strcpy.o)
 .bss           0x0010ee58        0x0 ./lib\libc.a(lib_a-strlen.o)
 *(.__bss_end)
 .__bss_end     0x0010ee58        0x0 bootloader.o
                0x0010ee58                __c_bss_end
                0x0010ee58                __end__ = .
LOAD AC.o
LOAD bootloader.o
LOAD entry.o
LOAD FS.o
LOAD helpers.o
LOAD main.o
LOAD misc.o
LOAD OS.o
LOAD ov.o
LOAD pm.o
LOAD pokemon.o
LOAD rt.o
LOAD sharedfunc.o
LOAD SOC.o
LOAD srv.o
LOAD stub.o
LOAD svc.o
LOAD ./lib\libc.a
LOAD ./lib\libgcc.a
OUTPUT(a.out elf32-littlearm)

.dynbss         0x0010ee58        0x0
 .dynbss        0x0010ee58        0x0 bootloader.o

.ARM.attributes
                0x00000000       0x27
 .ARM.attributes
                0x00000000       0x19 bootloader.o
 .ARM.attributes
                0x00000019       0x2b AC.o
 .ARM.attributes
                0x00000044       0x2b entry.o
 .ARM.attributes
                0x0000006f       0x2b FS.o
 .ARM.attributes
                0x0000009a       0x2b helpers.o
 .ARM.attributes
                0x000000c5       0x2b main.o
 .ARM.attributes
                0x000000f0       0x19 misc.o
 .ARM.attributes
                0x00000109       0x2b OS.o
 .ARM.attributes
                0x00000134       0x2b ov.o
 .ARM.attributes
                0x0000015f       0x2b pm.o
 .ARM.attributes
                0x0000018a       0x2b pokemon.o
 .ARM.attributes
                0x000001b5       0x2b rt.o
 .ARM.attributes
                0x000001e0       0x2b sharedfunc.o
 .ARM.attributes
                0x0000020b       0x2b SOC.o
 .ARM.attributes
                0x00000236       0x2b srv.o
 .ARM.attributes
                0x00000261       0x19 stub.o
 .ARM.attributes
                0x0000027a       0x19 svc.o
 .ARM.attributes
                0x00000293       0x30 ./lib\libc.a(lib_a-memcpy-stub.o)
 .ARM.attributes
                0x000002c3       0x30 ./lib\libc.a(lib_a-strcpy.o)
 .ARM.attributes
                0x000002f3       0x30 ./lib\libc.a(lib_a-strlen.o)

.comment        0x00000000       0x44
 .comment       0x00000000       0x22 AC.o
                                 0x23 (size before relaxing)
 .comment       0x00000022       0x23 entry.o
 .comment       0x00000022       0x23 FS.o
 .comment       0x00000022       0x23 helpers.o
 .comment       0x00000022       0x23 main.o
 .comment       0x00000022       0x23 OS.o
 .comment       0x00000022       0x23 ov.o
 .comment       0x00000022       0x23 pm.o
 .comment       0x00000022       0x23 pokemon.o
 .comment       0x00000022       0x23 rt.o
 .comment       0x00000022       0x23 sharedfunc.o
 .comment       0x00000022       0x23 SOC.o
 .comment       0x00000022       0x23 srv.o
 .comment       0x00000022       0x22 ./lib\libc.a(lib_a-memcpy-stub.o)
                                 0x23 (size before relaxing)
 .comment       0x00000044       0x23 ./lib\libc.a(lib_a-strcpy.o)
 .comment       0x00000044       0x23 ./lib\libc.a(lib_a-strlen.o)

.debug_info     0x00000000     0xa870
 .debug_info    0x00000000      0xaf6 AC.o
 .debug_info    0x00000af6      0xb7d entry.o
 .debug_info    0x00001673      0xf86 FS.o
 .debug_info    0x000025f9      0xbe7 helpers.o
 .debug_info    0x000031e0     0x12b1 main.o
 .debug_info    0x00004491      0x94c OS.o
 .debug_info    0x00004ddd      0xf57 ov.o
 .debug_info    0x00005d34      0xc2a pm.o
 .debug_info    0x0000695e      0xedb pokemon.o
 .debug_info    0x00007839      0xfba rt.o
 .debug_info    0x000087f3      0xc22 sharedfunc.o
 .debug_info    0x00009415      0x9e5 SOC.o
 .debug_info    0x00009dfa      0xa76 srv.o

.debug_abbrev   0x00000000     0x1d63
 .debug_abbrev  0x00000000      0x228 AC.o
 .debug_abbrev  0x00000228      0x22c entry.o
 .debug_abbrev  0x00000454      0x226 FS.o
 .debug_abbrev  0x0000067a      0x244 helpers.o
 .debug_abbrev  0x000008be      0x2da main.o
 .debug_abbrev  0x00000b98      0x1c5 OS.o
 .debug_abbrev  0x00000d5d      0x278 ov.o
 .debug_abbrev  0x00000fd5      0x280 pm.o
 .debug_abbrev  0x00001255      0x286 pokemon.o
 .debug_abbrev  0x000014db      0x2c6 rt.o
 .debug_abbrev  0x000017a1      0x1f4 sharedfunc.o
 .debug_abbrev  0x00001995      0x19d SOC.o
 .debug_abbrev  0x00001b32      0x231 srv.o

.debug_aranges  0x00000000      0x198
 .debug_aranges
                0x00000000       0x20 AC.o
 .debug_aranges
                0x00000020       0x20 entry.o
 .debug_aranges
                0x00000040       0x20 FS.o
 .debug_aranges
                0x00000060       0x20 helpers.o
 .debug_aranges
                0x00000080       0x20 main.o
 .debug_aranges
                0x000000a0       0x20 OS.o
 .debug_aranges
                0x000000c0       0x20 ov.o
 .debug_aranges
                0x000000e0       0x20 pm.o
 .debug_aranges
                0x00000100       0x20 pokemon.o
 .debug_aranges
                0x00000120       0x20 rt.o
 .debug_aranges
                0x00000140       0x20 sharedfunc.o
 .debug_aranges
                0x00000160       0x18 SOC.o
 .debug_aranges
                0x00000178       0x20 srv.o

.debug_line     0x00000000     0x1da9
 .debug_line    0x00000000      0x1ef AC.o
 .debug_line    0x000001ef      0x214 entry.o
 .debug_line    0x00000403      0x2c6 FS.o
 .debug_line    0x000006c9      0x236 helpers.o
 .debug_line    0x000008ff      0x338 main.o
 .debug_line    0x00000c37      0x1b5 OS.o
 .debug_line    0x00000dec      0x2ab ov.o
 .debug_line    0x00001097      0x222 pm.o
 .debug_line    0x000012b9      0x272 pokemon.o
 .debug_line    0x0000152b      0x2be rt.o
 .debug_line    0x000017e9      0x234 sharedfunc.o
 .debug_line    0x00001a1d      0x19b SOC.o
 .debug_line    0x00001bb8      0x1f1 srv.o

.debug_str      0x00000000     0x10a0
 .debug_str     0x00000000      0x570 AC.o
                                0x5e7 (size before relaxing)
 .debug_str     0x00000570      0x18f entry.o
                                0x70e (size before relaxing)
 .debug_str     0x000006ff      0x167 FS.o
                                0x780 (size before relaxing)
 .debug_str     0x00000866       0x83 helpers.o
                                0x755 (size before relaxing)
 .debug_str     0x000008e9      0x350 main.o
                                0xa99 (size before relaxing)
 .debug_str     0x00000c39       0x33 OS.o
                                0x579 (size before relaxing)
 .debug_str     0x00000c6c       0x86 ov.o
                                0x786 (size before relaxing)
 .debug_str     0x00000cf2       0x9b pm.o
                                0x779 (size before relaxing)
 .debug_str     0x00000d8d       0x95 pokemon.o
                                0x788 (size before relaxing)
 .debug_str     0x00000e22      0x1b8 rt.o
                                0x8e3 (size before relaxing)
 .debug_str     0x00000fda       0x2d sharedfunc.o
                                0x7bb (size before relaxing)
 .debug_str     0x00001007       0x3b SOC.o
                                0x5d8 (size before relaxing)
 .debug_str     0x00001042       0x5e srv.o
                                0x5d5 (size before relaxing)

.debug_frame    0x00000000      0x8cc
 .debug_frame   0x00000000       0x90 AC.o
 .debug_frame   0x00000090       0x50 entry.o
 .debug_frame   0x000000e0      0x1e0 FS.o
 .debug_frame   0x000002c0       0x6c helpers.o
 .debug_frame   0x0000032c       0xb0 main.o
 .debug_frame   0x000003dc       0x30 OS.o
 .debug_frame   0x0000040c       0xb4 ov.o
 .debug_frame   0x000004c0       0xac pm.o
 .debug_frame   0x0000056c       0xd0 pokemon.o
 .debug_frame   0x0000063c      0x1d8 rt.o
 .debug_frame   0x00000814       0x2c sharedfunc.o
 .debug_frame   0x00000840       0x8c srv.o

.debug_ranges   0x00000000       0x48
 .debug_ranges  0x00000000       0x18 main.o
 .debug_ranges  0x00000018       0x30 pokemon.o
