Archive member included to satisfy reference by file (symbol)

./lib\libc.a(lib_a-memcpy-stub.o)
                              pokemon.o (memcpy)
./lib\libc.a(lib_a-strcpy.o)  srv.o (strcpy)
./lib\libc.a(lib_a-strlen.o)  rt.o (strlen)

Memory Configuration

Name             Origin             Length             Attributes
*default*        0x00000000         0xffffffff

Linker script and memory map

                0x00100100                . = 0x100100
                0x00100100                . = ALIGN (0x4)

.text           0x00100100     0x31ec
                0x00100100                __text_start = .
 bootloader.o(.text*)
 .text          0x00100100       0xa0 bootloader.o
                0x00100100                _Reset
                0x0010017c                _ReturnToUser
 *(.text*)
 .text          0x001001a0      0x2e4 AC.o
                0x001001a0                ACU_cmd1
                0x00100264                ACU_cmd26
                0x00100364                ACU_GetWifiStatus
                0x001003dc                ACU_WaitInternetConnection
 .text          0x00100484       0x7c entry.o
                0x00100484                c_entry
                0x001004e8                IRQHandler
 .text          0x00100500      0xa84 FS.o
                0x00100500                FSUSER_Initialize
                0x00100578                FSUSER_OpenFile
                0x001006ac                FSUSER_OpenFileDirectly
                0x0010081c                FSUSER_OpenArchive
                0x00100928                FSUSER_OpenDirectory
                0x00100a2c                FSUSER_CloseArchive
                0x00100ad4                FSFILE_Close
                0x00100b3c                FSFILE_Read
                0x00100c2c                FSFILE_Write
                0x00100d2c                FSFILE_GetSize
                0x00100db4                FSFILE_SetSize
                0x00100e4c                FSDIR_Read
                0x00100f1c                FSDIR_Close
 *fill*         0x00100f84        0x4 
 .text          0x00100f88       0xb8 helpers.o
                0x00100f88                getKey
                0x00100fbc                waitKeyUp
                0x00100ff8                waitKeyCombinationChanged
 .text          0x00101040      0x668 main.o
                0x00101040                drawPokemonID
                0x00101474                handleKey
                0x00101564                overlayCallback
                0x00101620                main
 *fill*         0x001016a8        0x8 
 .text          0x001016b0        0x8 misc.o
                0x001016b0                sleep
 .text          0x001016b8       0x98 OS.o
                0x001016b8                OS_ConvertVaddr2Physaddr
 .text          0x00101750      0x628 ov.o
                0x00101750                ovDrawTranspartBlackRect
                0x001019b8                ovDrawPixel
                0x00101ad0                ovDrawRect
                0x00101b8c                ovDrawChar
                0x00101cb4                ovDrawString
 .text          0x00101d78      0x184 pm.o
                0x00101d78                dumpKernel
                0x00101d90                getCurrentProcessId
                0x00101dbc                getCurrentProcessHandle
                0x00101e6c                protectRemoteMemory
                0x00101ec0                protectMemory
 .text          0x00101efc      0x3bc pokemon.o
                0x00101efc                lcrng
                0x00101f34                unshuffle
                0x00102044                decryptPokemon
                0x00102150                getIV
                0x001021a0                asciiNick
 .text          0x001022b8      0x77c rt.o
                0x001022b8                rtInitLock
                0x001022e4                rtAcquireLock
                0x00102330                rtReleaseLock
                0x0010235c                rtAlignToPageSize
                0x0010238c                rtGetPageOfAddress
                0x001023b8                rtCheckRemoteMemoryRegionSafeForWrite
                0x0010245c                rtSafeCopyMemory
                0x001024ec                rtGetFileSize
                0x00102634                rtLoadFileToBuffer
                0x001027fc                rtGenerateJumpCode
                0x00102844                rtInitHook
                0x00102918                rtFlushInstructionCache
                0x00102954                rtEnableHook
                0x001029c4                rtDisableHook
 .text          0x00102a34      0x154 sharedfunc.o
                0x00102a34                initSharedFunc
 .text          0x00102b88        0x0 SOC.o
 .text          0x00102b88      0x234 srv.o
                0x00102b88                initSrv
                0x00102bdc                exitSrv
                0x00102c14                srv_RegisterClient
                0x00102cac                srv_getServiceHandle
 .text          0x00102dbc       0x48 stub.o
                0x00102dbc                showDbg
                0x00102dc4                nsDbgPrint
                0x00102dcc                plgRegisterMenuEntry
                0x00102dd4                plgGetSharedServiceHandle
                0x00102ddc                plgRequestMemory
                0x00102de4                plgRegisterCallback
                0x00102dec                plgGetIoBase
                0x00102df4                controlVideo
                0x00102dfc                xsprintf
 *fill*         0x00102e04        0xc 
 .text          0x00102e10      0x29c svc.o
                0x00102e10                getThreadCommandBuffer
                0x00102e1c                svc_controlMemory
                0x00102e3c                svc_exitProcess
                0x00102e44                svc_createThread
                0x00102e64                svc_exitThread
                0x00102e6c                svc_sleepThread
                0x00102e74                svc_createMutex
                0x00102e88                svc_releaseMutex
                0x00102e90                svc_releaseSemaphore
                0x00102ea4                svc_createEvent
                0x00102eb8                svc_signalEvent
                0x00102ec0                svc_clearEvent
                0x00102ec8                svc_createMemoryBlock
                0x00102ee0                svc_mapMemoryBlock
                0x00102ee8                svc_unmapMemoryBlock
                0x00102ef0                svc_arbitrateAddress
                0x00102ef8                svc_closeHandle
                0x00102f00                svc_waitSynchronization1
                0x00102f08                svc_waitSynchronizationN
                0x00102f28                svc_getSystemTick
                0x00102f30                svc_getSystemInfo
                0x00102f4c                svc_getProcessInfo
                0x00102f68                svc_connectToPort
                0x00102f7c                svc_sendSyncRequest
                0x00102f84                svc_getProcessId
                0x00102f98                svc_getThreadId
                0x00102fac                svc_setThreadIdealProcessor
                0x00102fb4                svc_openThread
                0x00102fc8                svc_flushProcessDataCache
                0x00102fd0                svc_invalidateProcessDataCache
                0x00102fd8                svc_queryMemory
                0x00102fe0                svc_addCodeSegment
                0x00102fe8                svc_openProcess
                0x00102ffc                svc_controlProcessMemory
                0x00103014                svc_mapProcessMemory
                0x0010301c                svc_startInterProcessDma
                0x0010303c                svc_getDmaState
                0x00103050                svc_backDoor
                0x00103058                svc_getProcessList
                0x0010306c                svc_getThreadList
                0x00103080                svc_getThreadContext
                0x00103088                svc_debugActiveProcess
                0x0010309c                svc_readProcessMemory
                0x001030a4                svc_writeProcessMemory
 .text          0x001030ac       0xf0 ./lib\libc.a(lib_a-memcpy-stub.o)
                0x001030ac                memcpy
 .text          0x0010319c       0xf0 ./lib\libc.a(lib_a-strcpy.o)
                0x0010319c                strcpy
 .text          0x0010328c       0x60 ./lib\libc.a(lib_a-strlen.o)
                0x0010328c                strlen

.glue_7         0x001032ec        0x0
 .glue_7        0x001032ec        0x0 linker stubs

.glue_7t        0x001032ec        0x0
 .glue_7t       0x001032ec        0x0 linker stubs

.vfp11_veneer   0x001032ec        0x0
 .vfp11_veneer  0x001032ec        0x0 linker stubs

.v4_bx          0x001032ec        0x0
 .v4_bx         0x001032ec        0x0 linker stubs

.plt            0x001032ec        0x0
 .plt           0x001032ec        0x0 bootloader.o

.iplt           0x001032ec        0x0
 .iplt          0x001032ec        0x0 bootloader.o
                0x001032ec                . = ALIGN (0x4)

.data           0x001032ec     0x2198
 *(.data)
 .data          0x001032ec        0x0 bootloader.o
 .data          0x001032ec        0x0 AC.o
 .data          0x001032ec        0x0 entry.o
 .data          0x001032ec        0x0 FS.o
 .data          0x001032ec       0x28 helpers.o
 .data          0x00103314     0x1df0 main.o
                0x001050e8                sdmcArchive
                0x00105100                IoBasePad
 .data          0x00105104        0x0 misc.o
 .data          0x00105104        0x0 OS.o
 .data          0x00105104      0x2f8 ov.o
 .data          0x001053fc        0x0 pm.o
 .data          0x001053fc       0x88 pokemon.o
                0x00105424                blockPosition
 .data          0x00105484        0x0 rt.o
 .data          0x00105484        0x0 sharedfunc.o
 .data          0x00105484        0x0 SOC.o
 .data          0x00105484        0x0 srv.o
 .data          0x00105484        0x0 stub.o
 .data          0x00105484        0x0 svc.o
 .data          0x00105484        0x0 ./lib\libc.a(lib_a-memcpy-stub.o)
 .data          0x00105484        0x0 ./lib\libc.a(lib_a-strcpy.o)
 .data          0x00105484        0x0 ./lib\libc.a(lib_a-strlen.o)

.dynamic        0x00105484       0x88
 .dynamic       0x00105484       0x88 bootloader.o
                0x00105484                _DYNAMIC

.got            0x0010550c        0x0
 .got           0x0010550c        0x0 bootloader.o

.got.plt        0x0010550c        0xc
 .got.plt       0x0010550c        0xc bootloader.o
                0x0010550c                _GLOBAL_OFFSET_TABLE_

.igot.plt       0x00105518        0x0
 .igot.plt      0x00105518        0x0 bootloader.o
                0x00105518                . = ALIGN (0x4)
                0x00105518                . = ALIGN (0x4)

.rel.dyn        0x00105518     0x3da0
 *(.__rel_dyn_start)
 .__rel_dyn_start
                0x00105518        0x0 bootloader.o
 *(.rel*)
 .rel.got       0x00105518        0x0 bootloader.o
 .rel.plt       0x00105518        0x0 bootloader.o
 .rel.iplt      0x00105518        0x0 bootloader.o
 .rel.text      0x00105518      0x1b0 bootloader.o
 .rel.data      0x001056c8     0x3bf0 bootloader.o
 *(.rel.*)
 *(.__rel_dyn_end)
 .__rel_dyn_end
                0x001092b8        0x0 bootloader.o
                0x001092b8                __code_end = .

.interp         0x001092b8       0x11
 .interp        0x001092b8       0x11 bootloader.o

.gnu.version_d  0x001092cc        0x0
 .gnu.version_d
                0x001092cc        0x0 bootloader.o

.gnu.version    0x001092ca        0x0
 .gnu.version   0x001092ca        0x0 bootloader.o

.gnu.version_r  0x001092cc        0x0
 .gnu.version_r
                0x001092cc        0x0 bootloader.o

.dynsym         0x001092cc       0x30
 .dynsym        0x001092cc       0x30 bootloader.o

.dynstr         0x001092fc        0x1
 .dynstr        0x001092fc        0x1 bootloader.o

.hash           0x00109300       0x18
 .hash          0x00109300       0x18 bootloader.o

.rodata         0x00109318     0x56e5
 .rodata        0x00109318        0x5 AC.o
 *fill*         0x0010931d        0x3 
 .rodata        0x00109320       0x18 helpers.o
 .rodata        0x00109338     0x5609 main.o
                0x0010e928                POKE_SIZE
 *fill*         0x0010e941        0x3 
 .rodata        0x0010e944       0x1e pm.o
 *fill*         0x0010e962        0x2 
 .rodata        0x0010e964       0x18 pokemon.o
 .rodata        0x0010e97c       0x7a rt.o
 *fill*         0x0010e9f6        0x2 
 .rodata        0x0010e9f8        0x5 srv.o
                0x0010ea00                . = ALIGN (0x4)

.bss            0x0010ea00       0x1c
 *(.__bss_start)
 .__bss_start   0x0010ea00        0x0 bootloader.o
                0x0010ea00                __c_bss_start
 *(.bss COMMON)
 .bss           0x0010ea00        0x0 bootloader.o
 .bss           0x0010ea00        0x0 AC.o
 .bss           0x0010ea00        0x0 entry.o
 .bss           0x0010ea00        0x0 FS.o
 .bss           0x0010ea00        0x0 helpers.o
 .bss           0x0010ea00        0xe main.o
                0x0010ea00                fsUserHandle
                0x0010ea04                lastPid
                0x0010ea08                displayMoves
                0x0010ea09                displayMovesChanged
                0x0010ea0a                enabled
                0x0010ea0b                isNewNtr
                0x0010ea0c                selectedOpponent
                0x0010ea0d                buttonAck
 .bss           0x0010ea0e        0x0 misc.o
 .bss           0x0010ea0e        0x0 OS.o
 .bss           0x0010ea0e        0x0 ov.o
 *fill*         0x0010ea0e        0x2 
 .bss           0x0010ea10        0x8 pm.o
                0x0010ea10                hCurrentProcess
                0x0010ea14                currentPid
 .bss           0x0010ea18        0x0 pokemon.o
 .bss           0x0010ea18        0x0 rt.o
 .bss           0x0010ea18        0x0 sharedfunc.o
 .bss           0x0010ea18        0x0 SOC.o
 .bss           0x0010ea18        0x4 srv.o
                0x0010ea18                srvHandle
 .bss           0x0010ea1c        0x0 stub.o
 .bss           0x0010ea1c        0x0 svc.o
 .bss           0x0010ea1c        0x0 ./lib\libc.a(lib_a-memcpy-stub.o)
 .bss           0x0010ea1c        0x0 ./lib\libc.a(lib_a-strcpy.o)
 .bss           0x0010ea1c        0x0 ./lib\libc.a(lib_a-strlen.o)
 *(.__bss_end)
 .__bss_end     0x0010ea1c        0x0 bootloader.o
                0x0010ea1c                __c_bss_end
                0x0010ea1c                __end__ = .
LOAD AC.o
LOAD bootloader.o
LOAD entry.o
LOAD FS.o
LOAD helpers.o
LOAD main.o
LOAD misc.o
LOAD OS.o
LOAD ov.o
LOAD pm.o
LOAD pokemon.o
LOAD rt.o
LOAD sharedfunc.o
LOAD SOC.o
LOAD srv.o
LOAD stub.o
LOAD svc.o
LOAD ./lib\libc.a
LOAD ./lib\libgcc.a
OUTPUT(a.out elf32-littlearm)

.dynbss         0x0010ea1c        0x0
 .dynbss        0x0010ea1c        0x0 bootloader.o

.ARM.attributes
                0x00000000       0x27
 .ARM.attributes
                0x00000000       0x19 bootloader.o
 .ARM.attributes
                0x00000019       0x2b AC.o
 .ARM.attributes
                0x00000044       0x2b entry.o
 .ARM.attributes
                0x0000006f       0x2b FS.o
 .ARM.attributes
                0x0000009a       0x2b helpers.o
 .ARM.attributes
                0x000000c5       0x2b main.o
 .ARM.attributes
                0x000000f0       0x19 misc.o
 .ARM.attributes
                0x00000109       0x2b OS.o
 .ARM.attributes
                0x00000134       0x2b ov.o
 .ARM.attributes
                0x0000015f       0x2b pm.o
 .ARM.attributes
                0x0000018a       0x2b pokemon.o
 .ARM.attributes
                0x000001b5       0x2b rt.o
 .ARM.attributes
                0x000001e0       0x2b sharedfunc.o
 .ARM.attributes
                0x0000020b       0x2b SOC.o
 .ARM.attributes
                0x00000236       0x2b srv.o
 .ARM.attributes
                0x00000261       0x19 stub.o
 .ARM.attributes
                0x0000027a       0x19 svc.o
 .ARM.attributes
                0x00000293       0x30 ./lib\libc.a(lib_a-memcpy-stub.o)
 .ARM.attributes
                0x000002c3       0x30 ./lib\libc.a(lib_a-strcpy.o)
 .ARM.attributes
                0x000002f3       0x30 ./lib\libc.a(lib_a-strlen.o)

.comment        0x00000000       0x44
 .comment       0x00000000       0x22 AC.o
                                 0x23 (size before relaxing)
 .comment       0x00000022       0x23 entry.o
 .comment       0x00000022       0x23 FS.o
 .comment       0x00000022       0x23 helpers.o
 .comment       0x00000022       0x23 main.o
 .comment       0x00000022       0x23 OS.o
 .comment       0x00000022       0x23 ov.o
 .comment       0x00000022       0x23 pm.o
 .comment       0x00000022       0x23 pokemon.o
 .comment       0x00000022       0x23 rt.o
 .comment       0x00000022       0x23 sharedfunc.o
 .comment       0x00000022       0x23 SOC.o
 .comment       0x00000022       0x23 srv.o
 .comment       0x00000022       0x22 ./lib\libc.a(lib_a-memcpy-stub.o)
                                 0x23 (size before relaxing)
 .comment       0x00000044       0x23 ./lib\libc.a(lib_a-strcpy.o)
 .comment       0x00000044       0x23 ./lib\libc.a(lib_a-strlen.o)

.debug_info     0x00000000     0xa6e5
 .debug_info    0x00000000      0xaf6 AC.o
 .debug_info    0x00000af6      0xb7d entry.o
 .debug_info    0x00001673      0xf86 FS.o
 .debug_info    0x000025f9      0xbc6 helpers.o
 .debug_info    0x000031bf     0x1208 main.o
 .debug_info    0x000043c7      0x94c OS.o
 .debug_info    0x00004d13      0xf57 ov.o
 .debug_info    0x00005c6a      0xc2a pm.o
 .debug_info    0x00006894      0xe1a pokemon.o
 .debug_info    0x000076ae      0xfba rt.o
 .debug_info    0x00008668      0xc22 sharedfunc.o
 .debug_info    0x0000928a      0x9e5 SOC.o
 .debug_info    0x00009c6f      0xa76 srv.o

.debug_abbrev   0x00000000     0x1d42
 .debug_abbrev  0x00000000      0x228 AC.o
 .debug_abbrev  0x00000228      0x22c entry.o
 .debug_abbrev  0x00000454      0x226 FS.o
 .debug_abbrev  0x0000067a      0x244 helpers.o
 .debug_abbrev  0x000008be      0x2c2 main.o
 .debug_abbrev  0x00000b80      0x1c5 OS.o
 .debug_abbrev  0x00000d45      0x278 ov.o
 .debug_abbrev  0x00000fbd      0x280 pm.o
 .debug_abbrev  0x0000123d      0x27d pokemon.o
 .debug_abbrev  0x000014ba      0x2c6 rt.o
 .debug_abbrev  0x00001780      0x1f4 sharedfunc.o
 .debug_abbrev  0x00001974      0x19d SOC.o
 .debug_abbrev  0x00001b11      0x231 srv.o

.debug_aranges  0x00000000      0x198
 .debug_aranges
                0x00000000       0x20 AC.o
 .debug_aranges
                0x00000020       0x20 entry.o
 .debug_aranges
                0x00000040       0x20 FS.o
 .debug_aranges
                0x00000060       0x20 helpers.o
 .debug_aranges
                0x00000080       0x20 main.o
 .debug_aranges
                0x000000a0       0x20 OS.o
 .debug_aranges
                0x000000c0       0x20 ov.o
 .debug_aranges
                0x000000e0       0x20 pm.o
 .debug_aranges
                0x00000100       0x20 pokemon.o
 .debug_aranges
                0x00000120       0x20 rt.o
 .debug_aranges
                0x00000140       0x20 sharedfunc.o
 .debug_aranges
                0x00000160       0x18 SOC.o
 .debug_aranges
                0x00000178       0x20 srv.o

.debug_line     0x00000000     0x1d29
 .debug_line    0x00000000      0x1ef AC.o
 .debug_line    0x000001ef      0x214 entry.o
 .debug_line    0x00000403      0x2c6 FS.o
 .debug_line    0x000006c9      0x226 helpers.o
 .debug_line    0x000008ef      0x30b main.o
 .debug_line    0x00000bfa      0x1b5 OS.o
 .debug_line    0x00000daf      0x2ab ov.o
 .debug_line    0x0000105a      0x222 pm.o
 .debug_line    0x0000127c      0x22f pokemon.o
 .debug_line    0x000014ab      0x2be rt.o
 .debug_line    0x00001769      0x234 sharedfunc.o
 .debug_line    0x0000199d      0x19b SOC.o
 .debug_line    0x00001b38      0x1f1 srv.o

.debug_str      0x00000000     0x1024
 .debug_str     0x00000000      0x55c AC.o
                                0x5d3 (size before relaxing)
 .debug_str     0x0000055c      0x18f entry.o
                                0x6fa (size before relaxing)
 .debug_str     0x000006eb      0x167 FS.o
                                0x76c (size before relaxing)
 .debug_str     0x00000852       0x74 helpers.o
                                0x732 (size before relaxing)
 .debug_str     0x000008c6      0x319 main.o
                                0xa3f (size before relaxing)
 .debug_str     0x00000bdf       0x33 OS.o
                                0x565 (size before relaxing)
 .debug_str     0x00000c12       0x86 ov.o
                                0x772 (size before relaxing)
 .debug_str     0x00000c98       0x9b pm.o
                                0x765 (size before relaxing)
 .debug_str     0x00000d33       0x73 pokemon.o
                                0x714 (size before relaxing)
 .debug_str     0x00000da6      0x1b8 rt.o
                                0x8cf (size before relaxing)
 .debug_str     0x00000f5e       0x2d sharedfunc.o
                                0x7a7 (size before relaxing)
 .debug_str     0x00000f8b       0x3b SOC.o
                                0x5c4 (size before relaxing)
 .debug_str     0x00000fc6       0x5e srv.o
                                0x5c1 (size before relaxing)

.debug_frame    0x00000000      0x88c
 .debug_frame   0x00000000       0x90 AC.o
 .debug_frame   0x00000090       0x50 entry.o
 .debug_frame   0x000000e0      0x1e0 FS.o
 .debug_frame   0x000002c0       0x6c helpers.o
 .debug_frame   0x0000032c       0x90 main.o
 .debug_frame   0x000003bc       0x30 OS.o
 .debug_frame   0x000003ec       0xb4 ov.o
 .debug_frame   0x000004a0       0xac pm.o
 .debug_frame   0x0000054c       0xb0 pokemon.o
 .debug_frame   0x000005fc      0x1d8 rt.o
 .debug_frame   0x000007d4       0x2c sharedfunc.o
 .debug_frame   0x00000800       0x8c srv.o

.debug_ranges   0x00000000       0x30
 .debug_ranges  0x00000000       0x30 pokemon.o
