Archive member included to satisfy reference by file (symbol)

./lib\libc.a(lib_a-memcpy-stub.o)
                              pokemon.o (memcpy)
./lib\libc.a(lib_a-strcpy.o)  srv.o (strcpy)
./lib\libc.a(lib_a-strlen.o)  rt.o (strlen)

Memory Configuration

Name             Origin             Length             Attributes
*default*        0x00000000         0xffffffff

Linker script and memory map

                0x00100100                . = 0x100100
                0x00100100                . = ALIGN (0x4)

.text           0x00100100     0x361c
                0x00100100                __text_start = .
 bootloader.o(.text*)
 .text          0x00100100       0xa0 bootloader.o
                0x00100100                _Reset
                0x0010017c                _ReturnToUser
 *(.text*)
 .text          0x001001a0      0x2e4 AC.o
                0x001001a0                ACU_cmd1
                0x00100264                ACU_cmd26
                0x00100364                ACU_GetWifiStatus
                0x001003dc                ACU_WaitInternetConnection
 .text          0x00100484       0x7c entry.o
                0x00100484                c_entry
                0x001004e8                IRQHandler
 .text          0x00100500      0xa84 FS.o
                0x00100500                FSUSER_Initialize
                0x00100578                FSUSER_OpenFile
                0x001006ac                FSUSER_OpenFileDirectly
                0x0010081c                FSUSER_OpenArchive
                0x00100928                FSUSER_OpenDirectory
                0x00100a2c                FSUSER_CloseArchive
                0x00100ad4                FSFILE_Close
                0x00100b3c                FSFILE_Read
                0x00100c2c                FSFILE_Write
                0x00100d2c                FSFILE_GetSize
                0x00100db4                FSFILE_SetSize
                0x00100e4c                FSDIR_Read
                0x00100f1c                FSDIR_Close
 *fill*         0x00100f84        0x4 
 .text          0x00100f88       0xb8 helpers.o
                0x00100f88                getKey
                0x00100fbc                waitKeyUp
                0x00100ff8                waitKeyCombinationChanged
 .text          0x00101040      0x8ec main.o
                0x00101040                isInBattle
                0x001010c4                drawPokemonID
                0x00101684                handleKey
                0x001017d8                overlayCallback
                0x001018a4                main
 *fill*         0x0010192c        0x4 
 .text          0x00101930        0x8 misc.o
                0x00101930                sleep
 .text          0x00101938       0x98 OS.o
                0x00101938                OS_ConvertVaddr2Physaddr
 .text          0x001019d0      0x628 ov.o
                0x001019d0                ovDrawTranspartBlackRect
                0x00101c38                ovDrawPixel
                0x00101d50                ovDrawRect
                0x00101e0c                ovDrawChar
                0x00101f34                ovDrawString
 .text          0x00101ff8      0x184 pm.o
                0x00101ff8                dumpKernel
                0x00102010                getCurrentProcessId
                0x0010203c                getCurrentProcessHandle
                0x001020ec                protectRemoteMemory
                0x00102140                protectMemory
 .text          0x0010217c      0x540 pokemon.o
                0x0010217c                unshuffle
                0x0010228c                decryptPokemon
                0x001023c0                getIV
                0x00102410                asciiNick
                0x00102528                isValid
                0x00102610                getHiddenPower
 .text          0x001026bc       0x38 rng.o
                0x001026bc                lcrng
 .text          0x001026f4      0x77c rt.o
                0x001026f4                rtInitLock
                0x00102720                rtAcquireLock
                0x0010276c                rtReleaseLock
                0x00102798                rtAlignToPageSize
                0x001027c8                rtGetPageOfAddress
                0x001027f4                rtCheckRemoteMemoryRegionSafeForWrite
                0x00102898                rtSafeCopyMemory
                0x00102928                rtGetFileSize
                0x00102a70                rtLoadFileToBuffer
                0x00102c38                rtGenerateJumpCode
                0x00102c80                rtInitHook
                0x00102d54                rtFlushInstructionCache
                0x00102d90                rtEnableHook
                0x00102e00                rtDisableHook
 .text          0x00102e70      0x154 sharedfunc.o
                0x00102e70                initSharedFunc
 .text          0x00102fc4        0x0 SOC.o
 .text          0x00102fc4      0x234 srv.o
                0x00102fc4                initSrv
                0x00103018                exitSrv
                0x00103050                srv_RegisterClient
                0x001030e8                srv_getServiceHandle
 .text          0x001031f8       0x48 stub.o
                0x001031f8                showDbg
                0x00103200                nsDbgPrint
                0x00103208                plgRegisterMenuEntry
                0x00103210                plgGetSharedServiceHandle
                0x00103218                plgRequestMemory
                0x00103220                plgRegisterCallback
                0x00103228                plgGetIoBase
                0x00103230                controlVideo
                0x00103238                xsprintf
 .text          0x00103240      0x29c svc.o
                0x00103240                getThreadCommandBuffer
                0x0010324c                svc_controlMemory
                0x0010326c                svc_exitProcess
                0x00103274                svc_createThread
                0x00103294                svc_exitThread
                0x0010329c                svc_sleepThread
                0x001032a4                svc_createMutex
                0x001032b8                svc_releaseMutex
                0x001032c0                svc_releaseSemaphore
                0x001032d4                svc_createEvent
                0x001032e8                svc_signalEvent
                0x001032f0                svc_clearEvent
                0x001032f8                svc_createMemoryBlock
                0x00103310                svc_mapMemoryBlock
                0x00103318                svc_unmapMemoryBlock
                0x00103320                svc_arbitrateAddress
                0x00103328                svc_closeHandle
                0x00103330                svc_waitSynchronization1
                0x00103338                svc_waitSynchronizationN
                0x00103358                svc_getSystemTick
                0x00103360                svc_getSystemInfo
                0x0010337c                svc_getProcessInfo
                0x00103398                svc_connectToPort
                0x001033ac                svc_sendSyncRequest
                0x001033b4                svc_getProcessId
                0x001033c8                svc_getThreadId
                0x001033dc                svc_setThreadIdealProcessor
                0x001033e4                svc_openThread
                0x001033f8                svc_flushProcessDataCache
                0x00103400                svc_invalidateProcessDataCache
                0x00103408                svc_queryMemory
                0x00103410                svc_addCodeSegment
                0x00103418                svc_openProcess
                0x0010342c                svc_controlProcessMemory
                0x00103444                svc_mapProcessMemory
                0x0010344c                svc_startInterProcessDma
                0x0010346c                svc_getDmaState
                0x00103480                svc_backDoor
                0x00103488                svc_getProcessList
                0x0010349c                svc_getThreadList
                0x001034b0                svc_getThreadContext
                0x001034b8                svc_debugActiveProcess
                0x001034cc                svc_readProcessMemory
                0x001034d4                svc_writeProcessMemory
 .text          0x001034dc       0xf0 ./lib\libc.a(lib_a-memcpy-stub.o)
                0x001034dc                memcpy
 .text          0x001035cc       0xf0 ./lib\libc.a(lib_a-strcpy.o)
                0x001035cc                strcpy
 .text          0x001036bc       0x60 ./lib\libc.a(lib_a-strlen.o)
                0x001036bc                strlen

.glue_7         0x0010371c        0x0
 .glue_7        0x0010371c        0x0 linker stubs

.glue_7t        0x0010371c        0x0
 .glue_7t       0x0010371c        0x0 linker stubs

.vfp11_veneer   0x0010371c        0x0
 .vfp11_veneer  0x0010371c        0x0 linker stubs

.v4_bx          0x0010371c        0x0
 .v4_bx         0x0010371c        0x0 linker stubs

.plt            0x0010371c        0x0
 .plt           0x0010371c        0x0 bootloader.o

.iplt           0x0010371c        0x0
 .iplt          0x0010371c        0x0 bootloader.o
                0x0010371c                . = ALIGN (0x4)

.data           0x0010371c     0x2280
 *(.data)
 .data          0x0010371c        0x0 bootloader.o
 .data          0x0010371c        0x0 AC.o
 .data          0x0010371c        0x0 entry.o
 .data          0x0010371c        0x0 FS.o
 .data          0x0010371c       0x70 helpers.o
 .data          0x0010378c     0x1e48 main.o
                0x001055a8                sdmcArchive
                0x001055c0                IoBasePad
                0x001055c4                enabled
                0x001055c8                battleOff
                0x001055cc                inBattle
                0x001055d0                battleRange
 .data          0x001055d4        0x0 misc.o
 .data          0x001055d4        0x0 OS.o
 .data          0x001055d4      0x2f8 ov.o
 .data          0x001058cc        0x0 pm.o
 .data          0x001058cc       0xd0 pokemon.o
                0x0010593c                blockPosition
 .data          0x0010599c        0x0 rng.o
 .data          0x0010599c        0x0 rt.o
 .data          0x0010599c        0x0 sharedfunc.o
 .data          0x0010599c        0x0 SOC.o
 .data          0x0010599c        0x0 srv.o
 .data          0x0010599c        0x0 stub.o
 .data          0x0010599c        0x0 svc.o
 .data          0x0010599c        0x0 ./lib\libc.a(lib_a-memcpy-stub.o)
 .data          0x0010599c        0x0 ./lib\libc.a(lib_a-strcpy.o)
 .data          0x0010599c        0x0 ./lib\libc.a(lib_a-strlen.o)

.dynamic        0x0010599c       0x88
 .dynamic       0x0010599c       0x88 bootloader.o
                0x0010599c                _DYNAMIC

.got            0x00105a24        0x0
 .got           0x00105a24        0x0 bootloader.o

.got.plt        0x00105a24        0xc
 .got.plt       0x00105a24        0xc bootloader.o
                0x00105a24                _GLOBAL_OFFSET_TABLE_

.igot.plt       0x00105a30        0x0
 .igot.plt      0x00105a30        0x0 bootloader.o
                0x00105a30                . = ALIGN (0x4)
                0x00105a30                . = ALIGN (0x4)

.rel.dyn        0x00105a30     0x3f48
 *(.__rel_dyn_start)
 .__rel_dyn_start
                0x00105a30        0x0 bootloader.o
 *(.rel*)
 .rel.got       0x00105a30        0x0 bootloader.o
 .rel.plt       0x00105a30        0x0 bootloader.o
 .rel.iplt      0x00105a30        0x0 bootloader.o
 .rel.text      0x00105a30      0x1f0 bootloader.o
 .rel.data      0x00105c20     0x3d58 bootloader.o
 *(.rel.*)
 *(.__rel_dyn_end)
 .__rel_dyn_end
                0x00109978        0x0 bootloader.o
                0x00109978                __code_end = .

.interp         0x00109978       0x11
 .interp        0x00109978       0x11 bootloader.o

.gnu.version_d  0x0010998c        0x0
 .gnu.version_d
                0x0010998c        0x0 bootloader.o

.gnu.version    0x0010998a        0x0
 .gnu.version   0x0010998a        0x0 bootloader.o

.gnu.version_r  0x0010998c        0x0
 .gnu.version_r
                0x0010998c        0x0 bootloader.o

.dynsym         0x0010998c       0x30
 .dynsym        0x0010998c       0x30 bootloader.o

.dynstr         0x001099bc        0x1
 .dynstr        0x001099bc        0x1 bootloader.o

.hash           0x001099c0       0x18
 .hash          0x001099c0       0x18 bootloader.o

.rodata         0x001099d8     0x5925
 .rodata        0x001099d8        0x5 AC.o
 *fill*         0x001099dd        0x3 
 .rodata        0x001099e0       0xd0 helpers.o
 .rodata        0x00109ab0     0x56d9 main.o
                0x0010f150                POKE_SIZE
 *fill*         0x0010f189        0x3 
 .rodata        0x0010f18c       0x1e pm.o
 *fill*         0x0010f1aa        0x2 
 .rodata        0x0010f1ac       0xd0 pokemon.o
 .rodata        0x0010f27c       0x7a rt.o
 *fill*         0x0010f2f6        0x2 
 .rodata        0x0010f2f8        0x5 srv.o
                0x0010f300                . = ALIGN (0x4)

.bss            0x0010f300       0x1c
 *(.__bss_start)
 .__bss_start   0x0010f300        0x0 bootloader.o
                0x0010f300                __c_bss_start
 *(.bss COMMON)
 .bss           0x0010f300        0x0 bootloader.o
 .bss           0x0010f300        0x0 AC.o
 .bss           0x0010f300        0x0 entry.o
 .bss           0x0010f300        0x0 FS.o
 .bss           0x0010f300        0x0 helpers.o
 .bss           0x0010f300        0xd main.o
                0x0010f300                fsUserHandle
                0x0010f304                lastPid
                0x0010f308                displayMoves
                0x0010f309                displayMovesChanged
                0x0010f30a                isNewNtr
                0x0010f30b                selectedOpponent
                0x0010f30c                buttonAck
 .bss           0x0010f30d        0x0 misc.o
 .bss           0x0010f30d        0x0 OS.o
 .bss           0x0010f30d        0x0 ov.o
 *fill*         0x0010f30d        0x3 
 .bss           0x0010f310        0x8 pm.o
                0x0010f310                hCurrentProcess
                0x0010f314                currentPid
 .bss           0x0010f318        0x0 pokemon.o
 .bss           0x0010f318        0x0 rng.o
 .bss           0x0010f318        0x0 rt.o
 .bss           0x0010f318        0x0 sharedfunc.o
 .bss           0x0010f318        0x0 SOC.o
 .bss           0x0010f318        0x4 srv.o
                0x0010f318                srvHandle
 .bss           0x0010f31c        0x0 stub.o
 .bss           0x0010f31c        0x0 svc.o
 .bss           0x0010f31c        0x0 ./lib\libc.a(lib_a-memcpy-stub.o)
 .bss           0x0010f31c        0x0 ./lib\libc.a(lib_a-strcpy.o)
 .bss           0x0010f31c        0x0 ./lib\libc.a(lib_a-strlen.o)
 *(.__bss_end)
 .__bss_end     0x0010f31c        0x0 bootloader.o
                0x0010f31c                __c_bss_end
                0x0010f31c                __end__ = .
LOAD AC.o
LOAD bootloader.o
LOAD entry.o
LOAD FS.o
LOAD helpers.o
LOAD main.o
LOAD misc.o
LOAD OS.o
LOAD ov.o
LOAD pm.o
LOAD pokemon.o
LOAD rng.o
LOAD rt.o
LOAD sharedfunc.o
LOAD SOC.o
LOAD srv.o
LOAD stub.o
LOAD svc.o
LOAD ./lib\libc.a
LOAD ./lib\libgcc.a
OUTPUT(a.out elf32-littlearm)

.dynbss         0x0010f31c        0x0
 .dynbss        0x0010f31c        0x0 bootloader.o

.ARM.attributes
                0x00000000       0x27
 .ARM.attributes
                0x00000000       0x19 bootloader.o
 .ARM.attributes
                0x00000019       0x2b AC.o
 .ARM.attributes
                0x00000044       0x2b entry.o
 .ARM.attributes
                0x0000006f       0x2b FS.o
 .ARM.attributes
                0x0000009a       0x2b helpers.o
 .ARM.attributes
                0x000000c5       0x2b main.o
 .ARM.attributes
                0x000000f0       0x19 misc.o
 .ARM.attributes
                0x00000109       0x2b OS.o
 .ARM.attributes
                0x00000134       0x2b ov.o
 .ARM.attributes
                0x0000015f       0x2b pm.o
 .ARM.attributes
                0x0000018a       0x2b pokemon.o
 .ARM.attributes
                0x000001b5       0x2b rng.o
 .ARM.attributes
                0x000001e0       0x2b rt.o
 .ARM.attributes
                0x0000020b       0x2b sharedfunc.o
 .ARM.attributes
                0x00000236       0x2b SOC.o
 .ARM.attributes
                0x00000261       0x2b srv.o
 .ARM.attributes
                0x0000028c       0x19 stub.o
 .ARM.attributes
                0x000002a5       0x19 svc.o
 .ARM.attributes
                0x000002be       0x30 ./lib\libc.a(lib_a-memcpy-stub.o)
 .ARM.attributes
                0x000002ee       0x30 ./lib\libc.a(lib_a-strcpy.o)
 .ARM.attributes
                0x0000031e       0x30 ./lib\libc.a(lib_a-strlen.o)

.comment        0x00000000       0x44
 .comment       0x00000000       0x22 AC.o
                                 0x23 (size before relaxing)
 .comment       0x00000022       0x23 entry.o
 .comment       0x00000022       0x23 FS.o
 .comment       0x00000022       0x23 helpers.o
 .comment       0x00000022       0x23 main.o
 .comment       0x00000022       0x23 OS.o
 .comment       0x00000022       0x23 ov.o
 .comment       0x00000022       0x23 pm.o
 .comment       0x00000022       0x23 pokemon.o
 .comment       0x00000022       0x23 rng.o
 .comment       0x00000022       0x23 rt.o
 .comment       0x00000022       0x23 sharedfunc.o
 .comment       0x00000022       0x23 SOC.o
 .comment       0x00000022       0x23 srv.o
 .comment       0x00000022       0x22 ./lib\libc.a(lib_a-memcpy-stub.o)
                                 0x23 (size before relaxing)
 .comment       0x00000044       0x23 ./lib\libc.a(lib_a-strcpy.o)
 .comment       0x00000044       0x23 ./lib\libc.a(lib_a-strlen.o)

.debug_info     0x00000000     0xa9e0
 .debug_info    0x00000000      0xaf6 AC.o
 .debug_info    0x00000af6      0xb7d entry.o
 .debug_info    0x00001673      0xf86 FS.o
 .debug_info    0x000025f9      0xc12 helpers.o
 .debug_info    0x0000320b     0x12e4 main.o
 .debug_info    0x000044ef      0x94c OS.o
 .debug_info    0x00004e3b      0xf57 ov.o
 .debug_info    0x00005d92      0xc2a pm.o
 .debug_info    0x000069bc      0xf2e pokemon.o
 .debug_info    0x000078ea       0xbf rng.o
 .debug_info    0x000079a9      0xfba rt.o
 .debug_info    0x00008963      0xc22 sharedfunc.o
 .debug_info    0x00009585      0x9e5 SOC.o
 .debug_info    0x00009f6a      0xa76 srv.o

.debug_abbrev   0x00000000     0x1dd2
 .debug_abbrev  0x00000000      0x228 AC.o
 .debug_abbrev  0x00000228      0x22c entry.o
 .debug_abbrev  0x00000454      0x226 FS.o
 .debug_abbrev  0x0000067a      0x244 helpers.o
 .debug_abbrev  0x000008be      0x2da main.o
 .debug_abbrev  0x00000b98      0x1c5 OS.o
 .debug_abbrev  0x00000d5d      0x278 ov.o
 .debug_abbrev  0x00000fd5      0x280 pm.o
 .debug_abbrev  0x00001255      0x288 pokemon.o
 .debug_abbrev  0x000014dd       0x6d rng.o
 .debug_abbrev  0x0000154a      0x2c6 rt.o
 .debug_abbrev  0x00001810      0x1f4 sharedfunc.o
 .debug_abbrev  0x00001a04      0x19d SOC.o
 .debug_abbrev  0x00001ba1      0x231 srv.o

.debug_aranges  0x00000000      0x1b8
 .debug_aranges
                0x00000000       0x20 AC.o
 .debug_aranges
                0x00000020       0x20 entry.o
 .debug_aranges
                0x00000040       0x20 FS.o
 .debug_aranges
                0x00000060       0x20 helpers.o
 .debug_aranges
                0x00000080       0x20 main.o
 .debug_aranges
                0x000000a0       0x20 OS.o
 .debug_aranges
                0x000000c0       0x20 ov.o
 .debug_aranges
                0x000000e0       0x20 pm.o
 .debug_aranges
                0x00000100       0x20 pokemon.o
 .debug_aranges
                0x00000120       0x20 rng.o
 .debug_aranges
                0x00000140       0x20 rt.o
 .debug_aranges
                0x00000160       0x20 sharedfunc.o
 .debug_aranges
                0x00000180       0x18 SOC.o
 .debug_aranges
                0x00000198       0x20 srv.o

.debug_line     0x00000000     0x1eb3
 .debug_line    0x00000000      0x1ef AC.o
 .debug_line    0x000001ef      0x214 entry.o
 .debug_line    0x00000403      0x2c6 FS.o
 .debug_line    0x000006c9      0x236 helpers.o
 .debug_line    0x000008ff      0x340 main.o
 .debug_line    0x00000c3f      0x1b5 OS.o
 .debug_line    0x00000df4      0x2ab ov.o
 .debug_line    0x0000109f      0x222 pm.o
 .debug_line    0x000012c1      0x288 pokemon.o
 .debug_line    0x00001549       0xec rng.o
 .debug_line    0x00001635      0x2be rt.o
 .debug_line    0x000018f3      0x234 sharedfunc.o
 .debug_line    0x00001b27      0x19b SOC.o
 .debug_line    0x00001cc2      0x1f1 srv.o

.debug_str      0x00000000     0x10db
 .debug_str     0x00000000      0x570 AC.o
                                0x5e7 (size before relaxing)
 .debug_str     0x00000570      0x18f entry.o
                                0x70e (size before relaxing)
 .debug_str     0x000006ff      0x167 FS.o
                                0x780 (size before relaxing)
 .debug_str     0x00000866       0x89 helpers.o
                                0x75b (size before relaxing)
 .debug_str     0x000008ef      0x360 main.o
                                0xaaf (size before relaxing)
 .debug_str     0x00000c4f       0x33 OS.o
                                0x579 (size before relaxing)
 .debug_str     0x00000c82       0x86 ov.o
                                0x786 (size before relaxing)
 .debug_str     0x00000d08       0x9b pm.o
                                0x779 (size before relaxing)
 .debug_str     0x00000da3       0x9e pokemon.o
                                0x79c (size before relaxing)
 .debug_str     0x00000e41       0x1c rng.o
                                0x121 (size before relaxing)
 .debug_str     0x00000e5d      0x1b8 rt.o
                                0x8e3 (size before relaxing)
 .debug_str     0x00001015       0x2d sharedfunc.o
                                0x7bb (size before relaxing)
 .debug_str     0x00001042       0x3b SOC.o
                                0x5d8 (size before relaxing)
 .debug_str     0x0000107d       0x5e srv.o
                                0x5d5 (size before relaxing)

.debug_frame    0x00000000      0x8fc
 .debug_frame   0x00000000       0x90 AC.o
 .debug_frame   0x00000090       0x50 entry.o
 .debug_frame   0x000000e0      0x1e0 FS.o
 .debug_frame   0x000002c0       0x6c helpers.o
 .debug_frame   0x0000032c       0xb0 main.o
 .debug_frame   0x000003dc       0x30 OS.o
 .debug_frame   0x0000040c       0xb4 ov.o
 .debug_frame   0x000004c0       0xac pm.o
 .debug_frame   0x0000056c       0xd0 pokemon.o
 .debug_frame   0x0000063c       0x30 rng.o
 .debug_frame   0x0000066c      0x1d8 rt.o
 .debug_frame   0x00000844       0x2c sharedfunc.o
 .debug_frame   0x00000870       0x8c srv.o

.debug_ranges   0x00000000       0x48
 .debug_ranges  0x00000000       0x18 main.o
 .debug_ranges  0x00000018       0x30 pokemon.o
