Archive member included to satisfy reference by file (symbol)

./lib\libc.a(lib_a-memcpy-stub.o)
                              pokemon.o (memcpy)
./lib\libc.a(lib_a-strcpy.o)  srv.o (strcpy)
./lib\libc.a(lib_a-strlen.o)  rt.o (strlen)
./lib\libgcc.a(_arm_cmpsf2.o)
                              ov.o (__aeabi_fcmpgt)

Memory Configuration

Name             Origin             Length             Attributes
*default*        0x00000000         0xffffffff

Linker script and memory map

                0x00100100                . = 0x100100
                0x00100100                . = ALIGN (0x4)

.text           0x00100100     0x39a4
                0x00100100                __text_start = .
 bootloader.o(.text*)
 .text          0x00100100       0xa0 bootloader.o
                0x00100100                _Reset
                0x0010017c                _ReturnToUser
 *(.text*)
 .text          0x001001a0      0x2e4 AC.o
                0x001001a0                ACU_cmd1
                0x00100264                ACU_cmd26
                0x00100364                ACU_GetWifiStatus
                0x001003dc                ACU_WaitInternetConnection
 .text          0x00100484       0x7c entry.o
                0x00100484                c_entry
                0x001004e8                IRQHandler
 .text          0x00100500      0xa84 FS.o
                0x00100500                FSUSER_Initialize
                0x00100578                FSUSER_OpenFile
                0x001006ac                FSUSER_OpenFileDirectly
                0x0010081c                FSUSER_OpenArchive
                0x00100928                FSUSER_OpenDirectory
                0x00100a2c                FSUSER_CloseArchive
                0x00100ad4                FSFILE_Close
                0x00100b3c                FSFILE_Read
                0x00100c2c                FSFILE_Write
                0x00100d2c                FSFILE_GetSize
                0x00100db4                FSFILE_SetSize
                0x00100e4c                FSDIR_Read
                0x00100f1c                FSDIR_Close
 *fill*         0x00100f84        0x4 
 .text          0x00100f88       0xb8 helpers.o
                0x00100f88                getKey
                0x00100fbc                waitKeyUp
                0x00100ff8                waitKeyCombinationChanged
 .text          0x00101040      0x6bc main.o
                0x00101040                isInBattle
                0x001010b8                drawPokemonID
                0x0010147c                handleKey
                0x001015d0                overlayCallback
                0x00101674                main
 *fill*         0x001016fc        0x4 
 .text          0x00101700       0x10 misc.o
                0x00101700                sleep
 .text          0x00101710       0x98 OS.o
                0x00101710                OS_ConvertVaddr2Physaddr
 .text          0x001017a8      0xb68 ov.o
                0x001017a8                OvSettings
                0x001018a4                OvDrawTranspartBlackRect
                0x00101ce4                OvDrawRect
                0x00101e30                OvDrawChar
                0x00101fec                OvDrawString
                0x001020a0                OvDrawCharTiny
                0x0010225c                OvDrawStringTiny
 .text          0x00102310      0x184 pm.o
                0x00102310                dumpKernel
                0x00102328                getCurrentProcessId
                0x00102354                getCurrentProcessHandle
                0x00102404                protectRemoteMemory
                0x00102458                protectMemory
 .text          0x00102494      0x4d0 pokemon.o
                0x00102494                lcrng
                0x001024cc                unshuffle
                0x001025dc                decryptPokemon
                0x00102710                getIV
                0x00102760                asciiNick
                0x00102878                isValid
 .text          0x00102964      0x77c rt.o
                0x00102964                rtInitLock
                0x00102990                rtAcquireLock
                0x001029dc                rtReleaseLock
                0x00102a08                rtAlignToPageSize
                0x00102a38                rtGetPageOfAddress
                0x00102a64                rtCheckRemoteMemoryRegionSafeForWrite
                0x00102b08                rtSafeCopyMemory
                0x00102b98                rtGetFileSize
                0x00102ce0                rtLoadFileToBuffer
                0x00102ea8                rtGenerateJumpCode
                0x00102ef0                rtInitHook
                0x00102fc4                rtFlushInstructionCache
                0x00103000                rtEnableHook
                0x00103070                rtDisableHook
 .text          0x001030e0      0x154 sharedfunc.o
                0x001030e0                initSharedFunc
 .text          0x00103234        0x0 SOC.o
 .text          0x00103234      0x234 srv.o
                0x00103234                initSrv
                0x00103288                exitSrv
                0x001032c0                srv_RegisterClient
                0x00103358                srv_getServiceHandle
 .text          0x00103468       0x48 stub.o
                0x00103468                showDbg
                0x00103470                nsDbgPrint
                0x00103478                plgRegisterMenuEntry
                0x00103480                plgGetSharedServiceHandle
                0x00103488                plgRequestMemory
                0x00103490                plgRegisterCallback
                0x00103498                plgGetIoBase
                0x001034a0                controlVideo
                0x001034a8                xsprintf
 .text          0x001034b0      0x2a0 svc.o
                0x001034b0                getThreadCommandBuffer
                0x001034bc                svc_controlMemory
                0x001034dc                svc_exitProcess
                0x001034e4                svc_createThread
                0x00103504                svc_exitThread
                0x0010350c                svc_sleepThread
                0x00103514                svc_createMutex
                0x00103528                svc_releaseMutex
                0x00103530                svc_releaseSemaphore
                0x00103544                svc_createEvent
                0x00103558                svc_signalEvent
                0x00103560                svc_clearEvent
                0x00103568                svc_createMemoryBlock
                0x00103580                svc_mapMemoryBlock
                0x00103588                svc_unmapMemoryBlock
                0x00103590                svc_arbitrateAddress
                0x00103598                svc_closeHandle
                0x001035a0                svc_waitSynchronization1
                0x001035a8                svc_waitSynchronizationN
                0x001035c8                svc_getSystemTick
                0x001035d0                svc_getSystemInfo
                0x001035ec                svc_getProcessInfo
                0x00103608                svc_connectToPort
                0x0010361c                svc_sendSyncRequest
                0x00103624                svc_getProcessId
                0x00103638                svc_getThreadId
                0x0010364c                svc_setThreadIdealProcessor
                0x00103654                svc_openThread
                0x00103668                svc_flushProcessDataCache
                0x00103670                svc_invalidateProcessDataCache
                0x00103678                svc_queryMemory
                0x00103680                svc_addCodeSegment
                0x00103688                svc_openProcess
                0x0010369c                svc_controlProcessMemory
                0x001036b4                svc_mapProcessMemory
                0x001036bc                svc_startInterProcessDma
                0x001036dc                svc_getDmaState
                0x001036f0                svc_backDoor
                0x001036f8                svc_getProcessList
                0x0010370c                svc_getThreadList
                0x00103720                svc_getThreadContext
                0x00103728                svc_debugActiveProcess
                0x0010373c                svc_readProcessMemory
                0x00103744                svc_writeProcessMemory
 .text          0x00103750       0xf0 ./lib\libc.a(lib_a-memcpy-stub.o)
                0x00103750                memcpy
 .text          0x00103840       0xf0 ./lib\libc.a(lib_a-strcpy.o)
                0x00103840                strcpy
 .text          0x00103930       0x60 ./lib\libc.a(lib_a-strlen.o)
                0x00103930                strlen
 .text          0x00103990      0x114 ./lib\libgcc.a(_arm_cmpsf2.o)
                0x00103990                __gesf2
                0x00103990                __gtsf2
                0x00103998                __lesf2
                0x00103998                __ltsf2
                0x001039a0                __nesf2
                0x001039a0                __eqsf2
                0x001039a0                __cmpsf2
                0x00103a04                __aeabi_cfrcmple
                0x00103a14                __aeabi_cfcmpeq
                0x00103a14                __aeabi_cfcmple
                0x00103a2c                __aeabi_fcmpeq
                0x00103a44                __aeabi_fcmplt
                0x00103a5c                __aeabi_fcmple
                0x00103a74                __aeabi_fcmpge
                0x00103a8c                __aeabi_fcmpgt

.glue_7         0x00103aa4        0x0
 .glue_7        0x00103aa4        0x0 linker stubs

.glue_7t        0x00103aa4        0x0
 .glue_7t       0x00103aa4        0x0 linker stubs

.vfp11_veneer   0x00103aa4        0x0
 .vfp11_veneer  0x00103aa4        0x0 linker stubs

.v4_bx          0x00103aa4        0x0
 .v4_bx         0x00103aa4        0x0 linker stubs

.plt            0x00103aa4        0x0
 .plt           0x00103aa4        0x0 bootloader.o

.iplt           0x00103aa4        0x0
 .iplt          0x00103aa4        0x0 bootloader.o
                0x00103aa4                . = ALIGN (0x4)

.data           0x00103aa4     0x1f24
 *(.data)
 .data          0x00103aa4        0x0 bootloader.o
 .data          0x00103aa4        0x0 AC.o
 .data          0x00103aa4        0x0 entry.o
 .data          0x00103aa4        0x0 FS.o
 .data          0x00103aa4       0x50 helpers.o
 .data          0x00103af4     0x1e24 main.o
                0x001058f0                sdmcArchive
                0x00105908                IoBasePad
                0x0010590c                enabled
                0x00105910                battleOff
                0x00105914                inBattle
 .data          0x00105918        0x0 misc.o
 .data          0x00105918        0x0 OS.o
 .data          0x00105918        0x0 ov.o
 .data          0x00105918        0x0 pm.o
 .data          0x00105918       0xb0 pokemon.o
                0x00105968                blockPosition
 .data          0x001059c8        0x0 rt.o
 .data          0x001059c8        0x0 sharedfunc.o
 .data          0x001059c8        0x0 SOC.o
 .data          0x001059c8        0x0 srv.o
 .data          0x001059c8        0x0 stub.o
 .data          0x001059c8        0x0 svc.o
 .data          0x001059c8        0x0 ./lib\libc.a(lib_a-memcpy-stub.o)
 .data          0x001059c8        0x0 ./lib\libc.a(lib_a-strcpy.o)
 .data          0x001059c8        0x0 ./lib\libc.a(lib_a-strlen.o)
 .data          0x001059c8        0x0 ./lib\libgcc.a(_arm_cmpsf2.o)

.dynamic        0x001059c8       0x80
 .dynamic       0x001059c8       0x80 bootloader.o
                0x001059c8                _DYNAMIC

.got            0x00105a48        0x0
 .got           0x00105a48        0x0 bootloader.o

.got.plt        0x00105a48        0xc
 .got.plt       0x00105a48        0xc bootloader.o
                0x00105a48                _GLOBAL_OFFSET_TABLE_

.igot.plt       0x00105a54        0x0
 .igot.plt      0x00105a54        0x0 bootloader.o
                0x00105a54                . = ALIGN (0x4)
                0x00105a54                . = ALIGN (0x4)

.rel.dyn        0x00105a54     0x3f48
 *(.__rel_dyn_start)
 .__rel_dyn_start
                0x00105a54        0x0 bootloader.o
 *(.rel*)
 .rel.got       0x00105a54        0x0 bootloader.o
 .rel.plt       0x00105a54        0x0 bootloader.o
 .rel.iplt      0x00105a54        0x0 bootloader.o
 .rel.text      0x00105a54      0x2b0 bootloader.o
 .rel.data      0x00105d04     0x3c98 bootloader.o
 *(.rel.*)
 *(.__rel_dyn_end)
 .__rel_dyn_end
                0x0010999c        0x0 bootloader.o
                0x0010999c                __code_end = .

.interp         0x0010999c       0x11
 .interp        0x0010999c       0x11 bootloader.o

.gnu.version_d  0x001099b0        0x0
 .gnu.version_d
                0x001099b0        0x0 bootloader.o

.gnu.version    0x001099ae        0x0
 .gnu.version   0x001099ae        0x0 bootloader.o

.gnu.version_r  0x001099b0        0x0
 .gnu.version_r
                0x001099b0        0x0 bootloader.o

.dynsym         0x001099b0       0x60
 .dynsym        0x001099b0       0x60 bootloader.o

.dynstr         0x00109a10       0x21
 .dynstr        0x00109a10       0x21 bootloader.o

.hash           0x00109a34       0x2c
 .hash          0x00109a34       0x2c bootloader.o

.rodata         0x00109a60     0x6790
 .rodata        0x00109a60        0x8 AC.o
 .rodata        0x00109a68       0x48 helpers.o
 .rodata        0x00109ab0     0x5654 main.o
                0x0010f0d0                POKE_SIZE
 .rodata        0x0010f104     0x1000 ov.o
 .rodata        0x00110104       0x20 pm.o
 .rodata        0x00110124       0x48 pokemon.o
 .rodata        0x0011016c       0x7c rt.o
 .rodata        0x001101e8        0x8 srv.o
                0x001101f0                . = ALIGN (0x4)

.bss            0x001101f0       0x48
 *(.__bss_start)
 .__bss_start   0x001101f0        0x0 bootloader.o
                0x001101f0                __c_bss_start
 *(.bss COMMON)
 .bss           0x001101f0        0x0 bootloader.o
 .bss           0x001101f0        0x0 AC.o
 .bss           0x001101f0        0x0 entry.o
 .bss           0x001101f0        0x0 FS.o
 .bss           0x001101f0        0x0 helpers.o
 .bss           0x001101f0       0x10 main.o
                0x001101f0                fsUserHandle
                0x001101f4                lastPid
                0x001101f8                displayMoves
                0x001101f9                displayMovesChanged
                0x001101fa                isNewNtr
                0x001101fb                selectedOpponent
                0x001101fc                buttonAck
 .bss           0x00110200        0x0 misc.o
 .bss           0x00110200        0x0 OS.o
 .bss           0x00110200       0x2c ov.o
 .bss           0x0011022c        0x8 pm.o
                0x0011022c                hCurrentProcess
                0x00110230                currentPid
 .bss           0x00110234        0x0 pokemon.o
 .bss           0x00110234        0x0 rt.o
 .bss           0x00110234        0x0 sharedfunc.o
 .bss           0x00110234        0x0 SOC.o
 .bss           0x00110234        0x4 srv.o
                0x00110234                srvHandle
 .bss           0x00110238        0x0 stub.o
 .bss           0x00110238        0x0 svc.o
 .bss           0x00110238        0x0 ./lib\libc.a(lib_a-memcpy-stub.o)
 .bss           0x00110238        0x0 ./lib\libc.a(lib_a-strcpy.o)
 .bss           0x00110238        0x0 ./lib\libc.a(lib_a-strlen.o)
 .bss           0x00110238        0x0 ./lib\libgcc.a(_arm_cmpsf2.o)
 *(.__bss_end)
 .__bss_end     0x00110238        0x0 bootloader.o
                0x00110238                __c_bss_end
                0x00110238                __end__ = .
LOAD AC.o
LOAD bootloader.o
LOAD entry.o
LOAD FS.o
LOAD helpers.o
LOAD main.o
LOAD misc.o
LOAD OS.o
LOAD ov.o
LOAD pm.o
LOAD pokemon.o
LOAD rt.o
LOAD sharedfunc.o
LOAD SOC.o
LOAD srv.o
LOAD stub.o
LOAD svc.o
LOAD ./lib\libc.a
LOAD ./lib\libgcc.a
OUTPUT(a.out elf32-littlearm)

.dynbss         0x00110238        0x0
 .dynbss        0x00110238        0x0 bootloader.o

.ARM.attributes
                0x00000000       0x27
 .ARM.attributes
                0x00000000       0x19 bootloader.o
 .ARM.attributes
                0x00000019       0x2b AC.o
 .ARM.attributes
                0x00000044       0x2b entry.o
 .ARM.attributes
                0x0000006f       0x2b FS.o
 .ARM.attributes
                0x0000009a       0x2b helpers.o
 .ARM.attributes
                0x000000c5       0x2b main.o
 .ARM.attributes
                0x000000f0       0x19 misc.o
 .ARM.attributes
                0x00000109       0x2b OS.o
 .ARM.attributes
                0x00000134       0x2b ov.o
 .ARM.attributes
                0x0000015f       0x2b pm.o
 .ARM.attributes
                0x0000018a       0x2b pokemon.o
 .ARM.attributes
                0x000001b5       0x2b rt.o
 .ARM.attributes
                0x000001e0       0x2b sharedfunc.o
 .ARM.attributes
                0x0000020b       0x2b SOC.o
 .ARM.attributes
                0x00000236       0x2b srv.o
 .ARM.attributes
                0x00000261       0x19 stub.o
 .ARM.attributes
                0x0000027a       0x19 svc.o
 .ARM.attributes
                0x00000293       0x30 ./lib\libc.a(lib_a-memcpy-stub.o)
 .ARM.attributes
                0x000002c3       0x30 ./lib\libc.a(lib_a-strcpy.o)
 .ARM.attributes
                0x000002f3       0x30 ./lib\libc.a(lib_a-strlen.o)
 .ARM.attributes
                0x00000323       0x18 ./lib\libgcc.a(_arm_cmpsf2.o)

.comment        0x00000000       0x44
 .comment       0x00000000       0x22 AC.o
                                 0x23 (size before relaxing)
 .comment       0x00000022       0x23 entry.o
 .comment       0x00000022       0x23 FS.o
 .comment       0x00000022       0x23 helpers.o
 .comment       0x00000022       0x23 main.o
 .comment       0x00000022       0x23 OS.o
 .comment       0x00000022       0x23 ov.o
 .comment       0x00000022       0x23 pm.o
 .comment       0x00000022       0x23 pokemon.o
 .comment       0x00000022       0x23 rt.o
 .comment       0x00000022       0x23 sharedfunc.o
 .comment       0x00000022       0x23 SOC.o
 .comment       0x00000022       0x23 srv.o
 .comment       0x00000022       0x22 ./lib\libc.a(lib_a-memcpy-stub.o)
                                 0x23 (size before relaxing)
 .comment       0x00000044       0x23 ./lib\libc.a(lib_a-strcpy.o)
 .comment       0x00000044       0x23 ./lib\libc.a(lib_a-strlen.o)

.debug_info     0x00000000     0x2f28
 .debug_info    0x00000000      0x27b AC.o
 .debug_info    0x0000027b      0x107 entry.o
 .debug_info    0x00000382      0x716 FS.o
 .debug_info    0x00000a98      0x1a3 helpers.o
 .debug_info    0x00000c3b      0x8cd main.o
 .debug_info    0x00001508       0xc6 OS.o
 .debug_info    0x000015ce      0x701 ov.o
 .debug_info    0x00001ccf      0x1b8 pm.o
 .debug_info    0x00001e87      0x66a pokemon.o
 .debug_info    0x000024f1      0x5f1 rt.o
 .debug_info    0x00002ae2      0x1c4 sharedfunc.o
 .debug_info    0x00002ca6       0x79 SOC.o
 .debug_info    0x00002d1f      0x209 srv.o

.debug_abbrev   0x00000000      0xbac
 .debug_abbrev  0x00000000       0xbd AC.o
 .debug_abbrev  0x000000bd       0xa8 entry.o
 .debug_abbrev  0x00000165      0x102 FS.o
 .debug_abbrev  0x00000267       0xe4 helpers.o
 .debug_abbrev  0x0000034b      0x198 main.o
 .debug_abbrev  0x000004e3       0x6d OS.o
 .debug_abbrev  0x00000550       0xf7 ov.o
 .debug_abbrev  0x00000647       0xe0 pm.o
 .debug_abbrev  0x00000727      0x163 pokemon.o
 .debug_abbrev  0x0000088a      0x178 rt.o
 .debug_abbrev  0x00000a02       0x9c sharedfunc.o
 .debug_abbrev  0x00000a9e       0x26 SOC.o
 .debug_abbrev  0x00000ac4       0xe8 srv.o

.debug_aranges  0x00000000      0x198
 .debug_aranges
                0x00000000       0x20 AC.o
 .debug_aranges
                0x00000020       0x20 entry.o
 .debug_aranges
                0x00000040       0x20 FS.o
 .debug_aranges
                0x00000060       0x20 helpers.o
 .debug_aranges
                0x00000080       0x20 main.o
 .debug_aranges
                0x000000a0       0x20 OS.o
 .debug_aranges
                0x000000c0       0x20 ov.o
 .debug_aranges
                0x000000e0       0x20 pm.o
 .debug_aranges
                0x00000100       0x20 pokemon.o
 .debug_aranges
                0x00000120       0x20 rt.o
 .debug_aranges
                0x00000140       0x20 sharedfunc.o
 .debug_aranges
                0x00000160       0x18 SOC.o
 .debug_aranges
                0x00000178       0x20 srv.o

.debug_line     0x00000000     0x116f
 .debug_line    0x00000000      0x134 AC.o
 .debug_line    0x00000134       0xd4 entry.o
 .debug_line    0x00000208      0x214 FS.o
 .debug_line    0x0000041c      0x116 helpers.o
 .debug_line    0x00000532      0x1fb main.o
 .debug_line    0x0000072d      0x103 OS.o
 .debug_line    0x00000830      0x290 ov.o
 .debug_line    0x00000ac0       0xf9 pm.o
 .debug_line    0x00000bb9      0x1c1 pokemon.o
 .debug_line    0x00000d7a      0x1ae rt.o
 .debug_line    0x00000f28       0xf4 sharedfunc.o
 .debug_line    0x0000101c       0x1d SOC.o
 .debug_line    0x00001039      0x136 srv.o

.debug_str      0x00000000      0xc2a
 .debug_str     0x00000000      0x15e AC.o
                                0x1b7 (size before relaxing)
 .debug_str     0x0000015e       0x42 entry.o
                                0x157 (size before relaxing)
 .debug_str     0x000001a0      0x1ed FS.o
                                0x35a (size before relaxing)
 .debug_str     0x0000038d       0x83 helpers.o
                                0x1b0 (size before relaxing)
 .debug_str     0x00000410      0x35a main.o
                                0x591 (size before relaxing)
 .debug_str     0x0000076a       0x33 OS.o
                                0x141 (size before relaxing)
 .debug_str     0x0000079d      0x10d ov.o
                                0x277 (size before relaxing)
 .debug_str     0x000008aa       0x9b pm.o
                                0x1ce (size before relaxing)
 .debug_str     0x00000945       0x9a pokemon.o
                                0x350 (size before relaxing)
 .debug_str     0x000009df      0x1a1 rt.o
                                0x3b8 (size before relaxing)
 .debug_str     0x00000b80       0x2d sharedfunc.o
                                0x216 (size before relaxing)
 .debug_str     0x00000bad       0x15 SOC.o
                                0x10f (size before relaxing)
 .debug_str     0x00000bc2       0x68 srv.o
                                0x1af (size before relaxing)

.debug_frame    0x00000000      0x92c
 .debug_frame   0x00000000       0x90 AC.o
 .debug_frame   0x00000090       0x50 entry.o
 .debug_frame   0x000000e0      0x1e0 FS.o
 .debug_frame   0x000002c0       0x6c helpers.o
 .debug_frame   0x0000032c       0xb0 main.o
 .debug_frame   0x000003dc       0x30 OS.o
 .debug_frame   0x0000040c      0x114 ov.o
 .debug_frame   0x00000520       0xac pm.o
 .debug_frame   0x000005cc       0xd0 pokemon.o
 .debug_frame   0x0000069c      0x1d8 rt.o
 .debug_frame   0x00000874       0x2c sharedfunc.o
 .debug_frame   0x000008a0       0x8c srv.o

.debug_ranges   0x00000000       0x48
 .debug_ranges  0x00000000       0x18 main.o
 .debug_ranges  0x00000018       0x30 pokemon.o
