Archive member included to satisfy reference by file (symbol)

./lib\libc.a(lib_a-memcpy-stub.o)
                              pokemon.o (memcpy)
./lib\libc.a(lib_a-strcpy.o)  srv.o (strcpy)
./lib\libc.a(lib_a-strlen.o)  rt.o (strlen)

Memory Configuration

Name             Origin             Length             Attributes
*default*        0x00000000         0xffffffff

Linker script and memory map

                0x00100100                . = 0x100100
                0x00100100                . = ALIGN (0x4)

.text           0x00100100     0x345c
                0x00100100                __text_start = .
 bootloader.o(.text*)
 .text          0x00100100       0xa0 bootloader.o
                0x00100100                _Reset
                0x0010017c                _ReturnToUser
 *(.text*)
 .text          0x001001a0      0x2e4 AC.o
                0x001001a0                ACU_cmd1
                0x00100264                ACU_cmd26
                0x00100364                ACU_GetWifiStatus
                0x001003dc                ACU_WaitInternetConnection
 .text          0x00100484       0x7c entry.o
                0x00100484                c_entry
                0x001004e8                IRQHandler
 .text          0x00100500      0xa84 FS.o
                0x00100500                FSUSER_Initialize
                0x00100578                FSUSER_OpenFile
                0x001006ac                FSUSER_OpenFileDirectly
                0x0010081c                FSUSER_OpenArchive
                0x00100928                FSUSER_OpenDirectory
                0x00100a2c                FSUSER_CloseArchive
                0x00100ad4                FSFILE_Close
                0x00100b3c                FSFILE_Read
                0x00100c2c                FSFILE_Write
                0x00100d2c                FSFILE_GetSize
                0x00100db4                FSFILE_SetSize
                0x00100e4c                FSDIR_Read
                0x00100f1c                FSDIR_Close
 *fill*         0x00100f84        0x4 
 .text          0x00100f88       0xb8 helpers.o
                0x00100f88                getKey
                0x00100fbc                waitKeyUp
                0x00100ff8                waitKeyCombinationChanged
 .text          0x00101040      0x7c4 main.o
                0x00101040                isInBattle
                0x001010c4                drawPokemonID
                0x0010155c                handleKey
                0x001016b0                overlayCallback
                0x0010177c                main
 *fill*         0x00101804        0xc 
 .text          0x00101810        0x8 misc.o
                0x00101810                sleep
 .text          0x00101818       0x98 OS.o
                0x00101818                OS_ConvertVaddr2Physaddr
 .text          0x001018b0      0x628 ov.o
                0x001018b0                ovDrawTranspartBlackRect
                0x00101b18                ovDrawPixel
                0x00101c30                ovDrawRect
                0x00101cec                ovDrawChar
                0x00101e14                ovDrawString
 .text          0x00101ed8      0x184 pm.o
                0x00101ed8                dumpKernel
                0x00101ef0                getCurrentProcessId
                0x00101f1c                getCurrentProcessHandle
                0x00101fcc                protectRemoteMemory
                0x00102020                protectMemory
 .text          0x0010205c      0x4cc pokemon.o
                0x0010205c                lcrng
                0x00102094                unshuffle
                0x001021a4                decryptPokemon
                0x001022d8                getIV
                0x00102328                asciiNick
                0x00102440                isValid
 .text          0x00102528      0x77c rt.o
                0x00102528                rtInitLock
                0x00102554                rtAcquireLock
                0x001025a0                rtReleaseLock
                0x001025cc                rtAlignToPageSize
                0x001025fc                rtGetPageOfAddress
                0x00102628                rtCheckRemoteMemoryRegionSafeForWrite
                0x001026cc                rtSafeCopyMemory
                0x0010275c                rtGetFileSize
                0x001028a4                rtLoadFileToBuffer
                0x00102a6c                rtGenerateJumpCode
                0x00102ab4                rtInitHook
                0x00102b88                rtFlushInstructionCache
                0x00102bc4                rtEnableHook
                0x00102c34                rtDisableHook
 .text          0x00102ca4      0x154 sharedfunc.o
                0x00102ca4                initSharedFunc
 .text          0x00102df8        0x0 SOC.o
 .text          0x00102df8      0x234 srv.o
                0x00102df8                initSrv
                0x00102e4c                exitSrv
                0x00102e84                srv_RegisterClient
                0x00102f1c                srv_getServiceHandle
 .text          0x0010302c       0x48 stub.o
                0x0010302c                showDbg
                0x00103034                nsDbgPrint
                0x0010303c                plgRegisterMenuEntry
                0x00103044                plgGetSharedServiceHandle
                0x0010304c                plgRequestMemory
                0x00103054                plgRegisterCallback
                0x0010305c                plgGetIoBase
                0x00103064                controlVideo
                0x0010306c                xsprintf
 *fill*         0x00103074        0xc 
 .text          0x00103080      0x29c svc.o
                0x00103080                getThreadCommandBuffer
                0x0010308c                svc_controlMemory
                0x001030ac                svc_exitProcess
                0x001030b4                svc_createThread
                0x001030d4                svc_exitThread
                0x001030dc                svc_sleepThread
                0x001030e4                svc_createMutex
                0x001030f8                svc_releaseMutex
                0x00103100                svc_releaseSemaphore
                0x00103114                svc_createEvent
                0x00103128                svc_signalEvent
                0x00103130                svc_clearEvent
                0x00103138                svc_createMemoryBlock
                0x00103150                svc_mapMemoryBlock
                0x00103158                svc_unmapMemoryBlock
                0x00103160                svc_arbitrateAddress
                0x00103168                svc_closeHandle
                0x00103170                svc_waitSynchronization1
                0x00103178                svc_waitSynchronizationN
                0x00103198                svc_getSystemTick
                0x001031a0                svc_getSystemInfo
                0x001031bc                svc_getProcessInfo
                0x001031d8                svc_connectToPort
                0x001031ec                svc_sendSyncRequest
                0x001031f4                svc_getProcessId
                0x00103208                svc_getThreadId
                0x0010321c                svc_setThreadIdealProcessor
                0x00103224                svc_openThread
                0x00103238                svc_flushProcessDataCache
                0x00103240                svc_invalidateProcessDataCache
                0x00103248                svc_queryMemory
                0x00103250                svc_addCodeSegment
                0x00103258                svc_openProcess
                0x0010326c                svc_controlProcessMemory
                0x00103284                svc_mapProcessMemory
                0x0010328c                svc_startInterProcessDma
                0x001032ac                svc_getDmaState
                0x001032c0                svc_backDoor
                0x001032c8                svc_getProcessList
                0x001032dc                svc_getThreadList
                0x001032f0                svc_getThreadContext
                0x001032f8                svc_debugActiveProcess
                0x0010330c                svc_readProcessMemory
                0x00103314                svc_writeProcessMemory
 .text          0x0010331c       0xf0 ./lib\libc.a(lib_a-memcpy-stub.o)
                0x0010331c                memcpy
 .text          0x0010340c       0xf0 ./lib\libc.a(lib_a-strcpy.o)
                0x0010340c                strcpy
 .text          0x001034fc       0x60 ./lib\libc.a(lib_a-strlen.o)
                0x001034fc                strlen

.glue_7         0x0010355c        0x0
 .glue_7        0x0010355c        0x0 linker stubs

.glue_7t        0x0010355c        0x0
 .glue_7t       0x0010355c        0x0 linker stubs

.vfp11_veneer   0x0010355c        0x0
 .vfp11_veneer  0x0010355c        0x0 linker stubs

.v4_bx          0x0010355c        0x0
 .v4_bx         0x0010355c        0x0 linker stubs

.plt            0x0010355c        0x0
 .plt           0x0010355c        0x0 bootloader.o

.iplt           0x0010355c        0x0
 .iplt          0x0010355c        0x0 bootloader.o
                0x0010355c                . = ALIGN (0x4)

.data           0x0010355c     0x2220
 *(.data)
 .data          0x0010355c        0x0 bootloader.o
 .data          0x0010355c        0x0 AC.o
 .data          0x0010355c        0x0 entry.o
 .data          0x0010355c        0x0 FS.o
 .data          0x0010355c       0x50 helpers.o
 .data          0x001035ac     0x1e28 main.o
                0x001053a8                sdmcArchive
                0x001053c0                IoBasePad
                0x001053c4                enabled
                0x001053c8                battleOff
                0x001053cc                inBattle
                0x001053d0                battleRange
 .data          0x001053d4        0x0 misc.o
 .data          0x001053d4        0x0 OS.o
 .data          0x001053d4      0x2f8 ov.o
 .data          0x001056cc        0x0 pm.o
 .data          0x001056cc       0xb0 pokemon.o
                0x0010571c                blockPosition
 .data          0x0010577c        0x0 rt.o
 .data          0x0010577c        0x0 sharedfunc.o
 .data          0x0010577c        0x0 SOC.o
 .data          0x0010577c        0x0 srv.o
 .data          0x0010577c        0x0 stub.o
 .data          0x0010577c        0x0 svc.o
 .data          0x0010577c        0x0 ./lib\libc.a(lib_a-memcpy-stub.o)
 .data          0x0010577c        0x0 ./lib\libc.a(lib_a-strcpy.o)
 .data          0x0010577c        0x0 ./lib\libc.a(lib_a-strlen.o)

.dynamic        0x0010577c       0x88
 .dynamic       0x0010577c       0x88 bootloader.o
                0x0010577c                _DYNAMIC

.got            0x00105804        0x0
 .got           0x00105804        0x0 bootloader.o

.got.plt        0x00105804        0xc
 .got.plt       0x00105804        0xc bootloader.o
                0x00105804                _GLOBAL_OFFSET_TABLE_

.igot.plt       0x00105810        0x0
 .igot.plt      0x00105810        0x0 bootloader.o
                0x00105810                . = ALIGN (0x4)
                0x00105810                . = ALIGN (0x4)

.rel.dyn        0x00105810     0x3e68
 *(.__rel_dyn_start)
 .__rel_dyn_start
                0x00105810        0x0 bootloader.o
 *(.rel*)
 .rel.got       0x00105810        0x0 bootloader.o
 .rel.plt       0x00105810        0x0 bootloader.o
 .rel.iplt      0x00105810        0x0 bootloader.o
 .rel.text      0x00105810      0x1d0 bootloader.o
 .rel.data      0x001059e0     0x3c98 bootloader.o
 *(.rel.*)
 *(.__rel_dyn_end)
 .__rel_dyn_end
                0x00109678        0x0 bootloader.o
                0x00109678                __code_end = .

.interp         0x00109678       0x11
 .interp        0x00109678       0x11 bootloader.o

.gnu.version_d  0x0010968c        0x0
 .gnu.version_d
                0x0010968c        0x0 bootloader.o

.gnu.version    0x0010968a        0x0
 .gnu.version   0x0010968a        0x0 bootloader.o

.gnu.version_r  0x0010968c        0x0
 .gnu.version_r
                0x0010968c        0x0 bootloader.o

.dynsym         0x0010968c       0x30
 .dynsym        0x0010968c       0x30 bootloader.o

.dynstr         0x001096bc        0x1
 .dynstr        0x001096bc        0x1 bootloader.o

.hash           0x001096c0       0x18
 .hash          0x001096c0       0x18 bootloader.o

.rodata         0x001096d8     0x578d
 .rodata        0x001096d8        0x5 AC.o
 *fill*         0x001096dd        0x3 
 .rodata        0x001096e0       0x48 helpers.o
 .rodata        0x00109728     0x5651 main.o
                0x0010ed48                POKE_SIZE
 *fill*         0x0010ed79        0x3 
 .rodata        0x0010ed7c       0x1e pm.o
 *fill*         0x0010ed9a        0x2 
 .rodata        0x0010ed9c       0x48 pokemon.o
 .rodata        0x0010ede4       0x7a rt.o
 *fill*         0x0010ee5e        0x2 
 .rodata        0x0010ee60        0x5 srv.o
                0x0010ee68                . = ALIGN (0x4)

.bss            0x0010ee68       0x1c
 *(.__bss_start)
 .__bss_start   0x0010ee68        0x0 bootloader.o
                0x0010ee68                __c_bss_start
 *(.bss COMMON)
 .bss           0x0010ee68        0x0 bootloader.o
 .bss           0x0010ee68        0x0 AC.o
 .bss           0x0010ee68        0x0 entry.o
 .bss           0x0010ee68        0x0 FS.o
 .bss           0x0010ee68        0x0 helpers.o
 .bss           0x0010ee68        0xd main.o
                0x0010ee68                fsUserHandle
                0x0010ee6c                lastPid
                0x0010ee70                displayMoves
                0x0010ee71                displayMovesChanged
                0x0010ee72                isNewNtr
                0x0010ee73                selectedOpponent
                0x0010ee74                buttonAck
 .bss           0x0010ee75        0x0 misc.o
 .bss           0x0010ee75        0x0 OS.o
 .bss           0x0010ee75        0x0 ov.o
 *fill*         0x0010ee75        0x3 
 .bss           0x0010ee78        0x8 pm.o
                0x0010ee78                hCurrentProcess
                0x0010ee7c                currentPid
 .bss           0x0010ee80        0x0 pokemon.o
 .bss           0x0010ee80        0x0 rt.o
 .bss           0x0010ee80        0x0 sharedfunc.o
 .bss           0x0010ee80        0x0 SOC.o
 .bss           0x0010ee80        0x4 srv.o
                0x0010ee80                srvHandle
 .bss           0x0010ee84        0x0 stub.o
 .bss           0x0010ee84        0x0 svc.o
 .bss           0x0010ee84        0x0 ./lib\libc.a(lib_a-memcpy-stub.o)
 .bss           0x0010ee84        0x0 ./lib\libc.a(lib_a-strcpy.o)
 .bss           0x0010ee84        0x0 ./lib\libc.a(lib_a-strlen.o)
 *(.__bss_end)
 .__bss_end     0x0010ee84        0x0 bootloader.o
                0x0010ee84                __c_bss_end
                0x0010ee84                __end__ = .
LOAD AC.o
LOAD bootloader.o
LOAD entry.o
LOAD FS.o
LOAD helpers.o
LOAD main.o
LOAD misc.o
LOAD OS.o
LOAD ov.o
LOAD pm.o
LOAD pokemon.o
LOAD rt.o
LOAD sharedfunc.o
LOAD SOC.o
LOAD srv.o
LOAD stub.o
LOAD svc.o
LOAD ./lib\libc.a
LOAD ./lib\libgcc.a
OUTPUT(a.out elf32-littlearm)

.dynbss         0x0010ee84        0x0
 .dynbss        0x0010ee84        0x0 bootloader.o

.ARM.attributes
                0x00000000       0x27
 .ARM.attributes
                0x00000000       0x19 bootloader.o
 .ARM.attributes
                0x00000019       0x2b AC.o
 .ARM.attributes
                0x00000044       0x2b entry.o
 .ARM.attributes
                0x0000006f       0x2b FS.o
 .ARM.attributes
                0x0000009a       0x2b helpers.o
 .ARM.attributes
                0x000000c5       0x2b main.o
 .ARM.attributes
                0x000000f0       0x19 misc.o
 .ARM.attributes
                0x00000109       0x2b OS.o
 .ARM.attributes
                0x00000134       0x2b ov.o
 .ARM.attributes
                0x0000015f       0x2b pm.o
 .ARM.attributes
                0x0000018a       0x2b pokemon.o
 .ARM.attributes
                0x000001b5       0x2b rt.o
 .ARM.attributes
                0x000001e0       0x2b sharedfunc.o
 .ARM.attributes
                0x0000020b       0x2b SOC.o
 .ARM.attributes
                0x00000236       0x2b srv.o
 .ARM.attributes
                0x00000261       0x19 stub.o
 .ARM.attributes
                0x0000027a       0x19 svc.o
 .ARM.attributes
                0x00000293       0x30 ./lib\libc.a(lib_a-memcpy-stub.o)
 .ARM.attributes
                0x000002c3       0x30 ./lib\libc.a(lib_a-strcpy.o)
 .ARM.attributes
                0x000002f3       0x30 ./lib\libc.a(lib_a-strlen.o)

.comment        0x00000000       0x44
 .comment       0x00000000       0x22 AC.o
                                 0x23 (size before relaxing)
 .comment       0x00000022       0x23 entry.o
 .comment       0x00000022       0x23 FS.o
 .comment       0x00000022       0x23 helpers.o
 .comment       0x00000022       0x23 main.o
 .comment       0x00000022       0x23 OS.o
 .comment       0x00000022       0x23 ov.o
 .comment       0x00000022       0x23 pm.o
 .comment       0x00000022       0x23 pokemon.o
 .comment       0x00000022       0x23 rt.o
 .comment       0x00000022       0x23 sharedfunc.o
 .comment       0x00000022       0x23 SOC.o
 .comment       0x00000022       0x23 srv.o
 .comment       0x00000022       0x22 ./lib\libc.a(lib_a-memcpy-stub.o)
                                 0x23 (size before relaxing)
 .comment       0x00000044       0x23 ./lib\libc.a(lib_a-strcpy.o)
 .comment       0x00000044       0x23 ./lib\libc.a(lib_a-strlen.o)

.debug_info     0x00000000     0xa852
 .debug_info    0x00000000      0xaf6 AC.o
 .debug_info    0x00000af6      0xb7d entry.o
 .debug_info    0x00001673      0xf86 FS.o
 .debug_info    0x000025f9      0xbe7 helpers.o
 .debug_info    0x000031e0     0x1293 main.o
 .debug_info    0x00004473      0x94c OS.o
 .debug_info    0x00004dbf      0xf57 ov.o
 .debug_info    0x00005d16      0xc2a pm.o
 .debug_info    0x00006940      0xedb pokemon.o
 .debug_info    0x0000781b      0xfba rt.o
 .debug_info    0x000087d5      0xc22 sharedfunc.o
 .debug_info    0x000093f7      0x9e5 SOC.o
 .debug_info    0x00009ddc      0xa76 srv.o

.debug_abbrev   0x00000000     0x1d63
 .debug_abbrev  0x00000000      0x228 AC.o
 .debug_abbrev  0x00000228      0x22c entry.o
 .debug_abbrev  0x00000454      0x226 FS.o
 .debug_abbrev  0x0000067a      0x244 helpers.o
 .debug_abbrev  0x000008be      0x2da main.o
 .debug_abbrev  0x00000b98      0x1c5 OS.o
 .debug_abbrev  0x00000d5d      0x278 ov.o
 .debug_abbrev  0x00000fd5      0x280 pm.o
 .debug_abbrev  0x00001255      0x286 pokemon.o
 .debug_abbrev  0x000014db      0x2c6 rt.o
 .debug_abbrev  0x000017a1      0x1f4 sharedfunc.o
 .debug_abbrev  0x00001995      0x19d SOC.o
 .debug_abbrev  0x00001b32      0x231 srv.o

.debug_aranges  0x00000000      0x198
 .debug_aranges
                0x00000000       0x20 AC.o
 .debug_aranges
                0x00000020       0x20 entry.o
 .debug_aranges
                0x00000040       0x20 FS.o
 .debug_aranges
                0x00000060       0x20 helpers.o
 .debug_aranges
                0x00000080       0x20 main.o
 .debug_aranges
                0x000000a0       0x20 OS.o
 .debug_aranges
                0x000000c0       0x20 ov.o
 .debug_aranges
                0x000000e0       0x20 pm.o
 .debug_aranges
                0x00000100       0x20 pokemon.o
 .debug_aranges
                0x00000120       0x20 rt.o
 .debug_aranges
                0x00000140       0x20 sharedfunc.o
 .debug_aranges
                0x00000160       0x18 SOC.o
 .debug_aranges
                0x00000178       0x20 srv.o

.debug_line     0x00000000     0x1da3
 .debug_line    0x00000000      0x1ef AC.o
 .debug_line    0x000001ef      0x214 entry.o
 .debug_line    0x00000403      0x2c6 FS.o
 .debug_line    0x000006c9      0x236 helpers.o
 .debug_line    0x000008ff      0x332 main.o
 .debug_line    0x00000c31      0x1b5 OS.o
 .debug_line    0x00000de6      0x2ab ov.o
 .debug_line    0x00001091      0x222 pm.o
 .debug_line    0x000012b3      0x272 pokemon.o
 .debug_line    0x00001525      0x2be rt.o
 .debug_line    0x000017e3      0x234 sharedfunc.o
 .debug_line    0x00001a17      0x19b SOC.o
 .debug_line    0x00001bb2      0x1f1 srv.o

.debug_str      0x00000000     0x10a5
 .debug_str     0x00000000      0x570 AC.o
                                0x5e7 (size before relaxing)
 .debug_str     0x00000570      0x18f entry.o
                                0x70e (size before relaxing)
 .debug_str     0x000006ff      0x167 FS.o
                                0x780 (size before relaxing)
 .debug_str     0x00000866       0x83 helpers.o
                                0x755 (size before relaxing)
 .debug_str     0x000008e9      0x355 main.o
                                0xa9e (size before relaxing)
 .debug_str     0x00000c3e       0x33 OS.o
                                0x579 (size before relaxing)
 .debug_str     0x00000c71       0x86 ov.o
                                0x786 (size before relaxing)
 .debug_str     0x00000cf7       0x9b pm.o
                                0x779 (size before relaxing)
 .debug_str     0x00000d92       0x95 pokemon.o
                                0x788 (size before relaxing)
 .debug_str     0x00000e27      0x1b8 rt.o
                                0x8e3 (size before relaxing)
 .debug_str     0x00000fdf       0x2d sharedfunc.o
                                0x7bb (size before relaxing)
 .debug_str     0x0000100c       0x3b SOC.o
                                0x5d8 (size before relaxing)
 .debug_str     0x00001047       0x5e srv.o
                                0x5d5 (size before relaxing)

.debug_frame    0x00000000      0x8cc
 .debug_frame   0x00000000       0x90 AC.o
 .debug_frame   0x00000090       0x50 entry.o
 .debug_frame   0x000000e0      0x1e0 FS.o
 .debug_frame   0x000002c0       0x6c helpers.o
 .debug_frame   0x0000032c       0xb0 main.o
 .debug_frame   0x000003dc       0x30 OS.o
 .debug_frame   0x0000040c       0xb4 ov.o
 .debug_frame   0x000004c0       0xac pm.o
 .debug_frame   0x0000056c       0xd0 pokemon.o
 .debug_frame   0x0000063c      0x1d8 rt.o
 .debug_frame   0x00000814       0x2c sharedfunc.o
 .debug_frame   0x00000840       0x8c srv.o

.debug_ranges   0x00000000       0x48
 .debug_ranges  0x00000000       0x18 main.o
 .debug_ranges  0x00000018       0x30 pokemon.o
